\BOOKMARK [0][-]{figure.caption.1}{\376\377\000S\000T\000A\000T\000E\000M\000E\000N\000T\000\040\000O\000F\000\040\000A\000P\000P\000R\000O\000V\000A\000L}{}% 1
\BOOKMARK [0][-]{chapter*.2}{\376\377\000D\000I\000S\000S\000E\000R\000T\000A\000T\000I\000O\000N\000\040\000O\000R\000I\000G\000I\000N\000A\000L\000I\000T\000Y\000\040\000S\000T\000A\000T\000E\000M\000E\000N\000T}{}% 2
\BOOKMARK [0][-]{chapter*.2}{\376\377\000P\000R\000E\000F\000A\000C\000E}{}% 3
\BOOKMARK [0][-]{chapter*.3}{\376\377\000L\000I\000S\000T\000\040\000O\000F\000\040\000F\000I\000G\000U\000R\000E\000S}{}% 4
\BOOKMARK [0][-]{chapter*.4}{\376\377\000L\000I\000S\000T\000\040\000O\000F\000\040\000T\000A\000B\000L\000E\000S}{}% 5
\BOOKMARK [0][-]{chapter*.5}{\376\377\000A\000B\000B\000R\000E\000V\000I\000A\000T\000I\000O\000N\000S}{}% 6
\BOOKMARK [0][-]{chapter.1}{\376\377\000I\000N\000T\000R\000O\000D\000U\000C\000T\000I\000O\000N}{}% 7
\BOOKMARK [1][-]{section.1.1}{\376\377\000B\000a\000c\000k\000g\000r\000o\000u\000n\000d}{chapter.1}% 8
\BOOKMARK [1][-]{section.1.2}{\376\377\000R\000e\000s\000e\000a\000r\000c\000h\000\040\000P\000r\000o\000b\000l\000e\000m\000s}{chapter.1}% 9
\BOOKMARK [1][-]{section.1.3}{\376\377\000R\000e\000s\000e\000a\000r\000c\000h\000\040\000O\000b\000j\000e\000c\000t\000i\000v\000e\000s}{chapter.1}% 10
\BOOKMARK [1][-]{section.1.4}{\376\377\000S\000c\000i\000e\000n\000t\000i\000f\000i\000c\000\040\000C\000o\000n\000t\000r\000i\000b\000u\000t\000i\000o\000n\000s}{chapter.1}% 11
\BOOKMARK [1][-]{section.1.5}{\376\377\000R\000e\000s\000e\000a\000r\000c\000h\000\040\000N\000o\000v\000e\000l\000t\000y}{chapter.1}% 12
\BOOKMARK [1][-]{section.1.6}{\376\377\000R\000e\000s\000e\000a\000r\000c\000h\000\040\000S\000i\000g\000n\000i\000f\000i\000c\000a\000n\000c\000e}{chapter.1}% 13
\BOOKMARK [1][-]{section.1.7}{\376\377\000R\000e\000s\000e\000a\000r\000c\000h\000\040\000S\000c\000o\000p\000e\000\040\000a\000n\000d\000\040\000L\000i\000m\000i\000t\000a\000t\000i\000o\000n\000s}{chapter.1}% 14
\BOOKMARK [1][-]{section.1.8}{\376\377\000D\000i\000s\000s\000e\000r\000t\000a\000t\000i\000o\000n\000\040\000O\000r\000g\000a\000n\000i\000z\000a\000t\000i\000o\000n}{chapter.1}% 15
\BOOKMARK [0][-]{chapter.2}{\376\377\000L\000I\000T\000E\000R\000A\000T\000U\000R\000E\000\040\000R\000E\000V\000I\000E\000W}{}% 16
\BOOKMARK [1][-]{section.2.1}{\376\377\000M\000y\000o\000c\000a\000r\000d\000i\000a\000l\000\040\000I\000n\000f\000a\000r\000c\000t\000i\000o\000n}{chapter.2}% 17
\BOOKMARK [1][-]{section.2.2}{\376\377\000C\000a\000r\000d\000i\000a\000c\000\040\000M\000a\000g\000n\000e\000t\000i\000c\000\040\000R\000e\000s\000o\000n\000a\000n\000c\000e\000\040\000I\000m\000a\000g\000i\000n\000g}{chapter.2}% 18
\BOOKMARK [2][-]{subsection.2.2.1}{\376\377\000C\000i\000n\000e\000\040\000C\000a\000r\000d\000i\000a\000c\000\040\000M\000a\000g\000n\000e\000t\000i\000c\000\040\000R\000e\000s\000o\000n\000a\000n\000c\000e\000\040\000I\000m\000a\000g\000i\000n\000g}{section.2.2}% 19
\BOOKMARK [2][-]{subsection.2.2.2}{\376\377\000M\000u\000l\000t\000i\000-\000S\000e\000q\000u\000e\000n\000c\000e\000\040\000C\000a\000r\000d\000i\000a\000c\000\040\000M\000a\000g\000n\000e\000t\000i\000c\000\040\000R\000e\000s\000o\000n\000a\000n\000c\000e\000\040\000I\000m\000a\000g\000i\000n\000g}{section.2.2}% 20
\BOOKMARK [1][-]{section.2.3}{\376\377\000M\000y\000o\000c\000a\000r\000d\000i\000a\000l\000\040\000S\000c\000a\000r\000\040\000A\000s\000s\000e\000s\000s\000m\000e\000n\000t}{chapter.2}% 21
\BOOKMARK [2][-]{subsection.2.3.1}{\376\377\000M\000y\000o\000c\000a\000r\000d\000i\000a\000l\000\040\000S\000c\000a\000r}{section.2.3}% 22
\BOOKMARK [2][-]{subsection.2.3.2}{\376\377\000C\000l\000i\000n\000i\000c\000a\000l\000\040\000S\000i\000g\000n\000i\000f\000i\000c\000a\000n\000c\000e\000\040\000o\000f\000\040\000M\000y\000o\000c\000a\000r\000d\000i\000a\000l\000\040\000S\000c\000a\000r\000\040\000A\000s\000s\000e\000s\000s\000m\000e\000n\000t}{section.2.3}% 23
\BOOKMARK [2][-]{subsection.2.3.3}{\376\377\000A\000u\000t\000o\000m\000a\000t\000e\000d\000\040\000M\000y\000o\000c\000a\000r\000d\000i\000a\000l\000\040\000S\000c\000a\000r\000\040\000S\000e\000g\000m\000e\000n\000t\000a\000t\000i\000o\000n}{section.2.3}% 24
\BOOKMARK [1][-]{section.2.4}{\376\377\000D\000e\000e\000p\000\040\000L\000e\000a\000r\000n\000i\000n\000g\000\040\000i\000n\000\040\000C\000a\000r\000d\000i\000a\000c\000\040\000M\000a\000g\000n\000e\000t\000i\000c\000\040\000R\000e\000s\000o\000n\000a\000n\000c\000e\000\040\000I\000m\000a\000g\000i\000n\000g}{chapter.2}% 25
\BOOKMARK [1][-]{section.2.5}{\376\377\000U\000-\000N\000e\000t\000\040\000A\000r\000c\000h\000i\000t\000e\000c\000t\000u\000r\000e}{chapter.2}% 26
\BOOKMARK [1][-]{section.2.6}{\376\377\000A\000c\000t\000i\000v\000a\000t\000i\000o\000n\000\040\000F\000u\000n\000c\000t\000i\000o\000n\000s\000\040\000f\000o\000r\000\040\000M\000e\000d\000i\000c\000a\000l\000\040\000I\000m\000a\000g\000e\000\040\000S\000e\000g\000m\000e\000n\000t\000a\000t\000i\000o\000n}{chapter.2}% 27
\BOOKMARK [1][-]{section.2.7}{\376\377\000P\000o\000o\000l\000i\000n\000g\000\040\000M\000e\000c\000h\000a\000n\000i\000s\000m\000s\000\040\000f\000o\000r\000\040\000M\000e\000d\000i\000c\000a\000l\000\040\000I\000m\000a\000g\000e\000\040\000S\000e\000g\000m\000e\000n\000t\000a\000t\000i\000o\000n}{chapter.2}% 28
\BOOKMARK [1][-]{section.2.8}{\376\377\000L\000o\000s\000s\000\040\000F\000u\000n\000c\000t\000i\000o\000n\000s\000\040\000f\000o\000r\000\040\000M\000e\000d\000i\000c\000a\000l\000\040\000I\000m\000a\000g\000e\000\040\000S\000e\000g\000m\000e\000n\000t\000a\000t\000i\000o\000n}{chapter.2}% 29
\BOOKMARK [1][-]{section.2.9}{\376\377\000R\000e\000s\000i\000d\000u\000a\000l\000\040\000L\000e\000a\000r\000n\000i\000n\000g\000\040\000a\000n\000d\000\040\000A\000t\000t\000e\000n\000t\000i\000o\000n\000\040\000M\000e\000c\000h\000a\000n\000i\000s\000m\000s}{chapter.2}% 30
\BOOKMARK [1][-]{section.2.10}{\376\377\000E\000v\000a\000l\000u\000a\000t\000i\000o\000n\000\040\000M\000e\000t\000r\000i\000c\000s}{chapter.2}% 31
\BOOKMARK [1][-]{section.2.11}{\376\377\000R\000e\000l\000a\000t\000e\000d\000\040\000W\000o\000r\000k\000s\000\040\000a\000n\000d\000\040\000R\000e\000s\000e\000a\000r\000c\000h\000\040\000G\000a\000p}{chapter.2}% 32
\BOOKMARK [0][-]{chapter.3}{\376\377\000R\000E\000S\000E\000A\000R\000C\000H\000\040\000M\000E\000T\000H\000O\000D\000O\000L\000O\000G\000Y}{}% 33
\BOOKMARK [1][-]{section.3.1}{\376\377\000R\000e\000s\000e\000a\000r\000c\000h\000\040\000F\000r\000a\000m\000e\000w\000o\000r\000k}{chapter.3}% 34
\BOOKMARK [1][-]{section.3.2}{\376\377\000R\000e\000s\000e\000a\000r\000c\000h\000\040\000D\000a\000t\000a\000s\000e\000t\000\040\000a\000n\000d\000\040\000D\000a\000t\000a\000s\000e\000t\000\040\000P\000r\000e\000p\000a\000r\000a\000t\000i\000o\000n}{chapter.3}% 35
\BOOKMARK [2][-]{subsection.3.2.1}{\376\377\000A\000u\000t\000o\000m\000a\000t\000e\000d\000\040\000C\000a\000r\000d\000i\000a\000c\000\040\000D\000i\000a\000g\000n\000o\000s\000i\000s\000\040\000C\000h\000a\000l\000l\000e\000n\000g\000e\000\040\000\050\000A\000C\000D\000C\000\051\000\040\000D\000a\000t\000a\000s\000e\000t}{section.3.2}% 36
\BOOKMARK [2][-]{subsection.3.2.2}{\376\377\000M\000y\000o\000c\000a\000r\000d\000i\000a\000l\000\040\000P\000a\000t\000h\000o\000l\000o\000g\000y\000\040\000S\000e\000g\000m\000e\000n\000t\000a\000t\000i\000o\000n\000\040\000\050\000M\000y\000o\000P\000S\0002\0000\0002\0000\000\051\000\040\000D\000a\000t\000a\000s\000e\000t}{section.3.2}% 37
\BOOKMARK [2][-]{subsection.3.2.3}{\376\377\000D\000a\000t\000a\000s\000e\000t\000\040\000P\000r\000e\000p\000a\000r\000a\000t\000i\000o\000n}{section.3.2}% 38
\BOOKMARK [1][-]{section.3.3}{\376\377\000C\000a\000r\000d\000i\000a\000c\000\040\000S\000t\000r\000u\000c\000t\000u\000r\000e\000\040\000S\000e\000g\000m\000e\000n\000t\000a\000t\000i\000o\000n}{chapter.3}% 39
\BOOKMARK [2][-]{subsection.3.3.1}{\376\377\000U\000-\000N\000e\000t\000\040\000A\000r\000c\000h\000i\000t\000e\000c\000t\000u\000r\000e}{section.3.3}% 40
\BOOKMARK [2][-]{subsection.3.3.2}{\376\377\000A\000c\000t\000i\000v\000a\000t\000i\000o\000n\000\040\000F\000u\000n\000c\000t\000i\000o\000n\000\040\000S\000e\000l\000e\000c\000t\000i\000o\000n}{section.3.3}% 41
\BOOKMARK [2][-]{subsection.3.3.3}{\376\377\000F\000u\000z\000z\000y\000\040\000P\000o\000o\000l\000i\000n\000g\000\040\000I\000n\000t\000e\000g\000r\000a\000t\000i\000o\000n}{section.3.3}% 42
\BOOKMARK [2][-]{subsection.3.3.4}{\376\377\000L\000o\000s\000s\000\040\000F\000u\000n\000c\000t\000i\000o\000n\000\040\000I\000n\000v\000e\000s\000t\000i\000g\000a\000t\000i\000o\000n}{section.3.3}% 43
\BOOKMARK [2][-]{subsection.3.3.5}{\376\377\000P\000r\000e\000p\000a\000r\000a\000t\000i\000o\000n\000\040\000f\000o\000r\000\040\000M\000y\000o\000c\000a\000r\000d\000i\000a\000l\000\040\000S\000c\000a\000r\000\040\000A\000s\000s\000e\000s\000s\000m\000e\000n\000t}{section.3.3}% 44
\BOOKMARK [1][-]{section.3.4}{\376\377\000M\000y\000o\000c\000a\000r\000d\000i\000a\000l\000\040\000S\000c\000a\000r\000\040\000A\000s\000s\000e\000s\000s\000m\000e\000n\000t}{chapter.3}% 45
\BOOKMARK [2][-]{subsection.3.4.1}{\376\377\000M\000u\000l\000t\000i\000-\000s\000e\000q\000u\000e\000n\000c\000e\000\040\000C\000a\000r\000d\000i\000a\000c\000\040\000M\000a\000g\000n\000e\000t\000i\000c\000\040\000R\000e\000s\000o\000n\000a\000n\000c\000e\000\040\000I\000m\000a\000g\000e\000s}{section.3.4}% 46
\BOOKMARK [2][-]{subsection.3.4.2}{\376\377\000R\000e\000s\000i\000d\000u\000a\000l\000\040\000A\000t\000t\000e\000n\000t\000i\000o\000n\000\040\000N\000e\000t\000w\000o\000r\000k}{section.3.4}% 47
\BOOKMARK [2][-]{subsection.3.4.3}{\376\377\000M\000y\000o\000c\000a\000r\000d\000i\000a\000l\000\040\000S\000c\000a\000r\000\040\000S\000e\000g\000m\000e\000n\000t\000a\000t\000i\000o\000n}{section.3.4}% 48
\BOOKMARK [2][-]{subsection.3.4.4}{\376\377\000M\000y\000o\000c\000a\000r\000d\000i\000a\000l\000\040\000S\000c\000a\000r\000\040\000A\000r\000e\000a\000\040\000Q\000u\000a\000n\000t\000i\000f\000i\000c\000a\000t\000i\000o\000n}{section.3.4}% 49
\BOOKMARK [1][-]{section.3.5}{\376\377\000E\000x\000p\000e\000r\000i\000m\000e\000n\000t\000a\000l\000\040\000D\000e\000s\000i\000g\000n}{chapter.3}% 50
\BOOKMARK [1][-]{section.3.6}{\376\377\000P\000e\000r\000f\000o\000r\000m\000a\000n\000c\000e\000\040\000E\000v\000a\000l\000u\000a\000t\000i\000o\000n}{chapter.3}% 51
\BOOKMARK [0][-]{chapter.4}{\376\377\000C\000A\000R\000D\000I\000A\000C\000\040\000S\000T\000R\000U\000C\000T\000U\000R\000E\000\040\000S\000E\000G\000M\000E\000N\000T\000A\000T\000I\000O\000N\000\040\000U\000S\000I\000N\000G\000\040\000A\000N\000\040\000E\000N\000H\000A\000N\000C\000E\000D\000\040\000U\000-\000N\000E\000T\000\040\000W\000I\000T\000H\000\040\000F\000U\000Z\000Z\000Y\000\040\000P\000O\000O\000L\000I\000N\000G}{}% 52
\BOOKMARK [1][-]{section.4.1}{\376\377\000O\000v\000e\000r\000v\000i\000e\000w}{chapter.4}% 53
\BOOKMARK [1][-]{section.4.2}{\376\377\000P\000r\000o\000p\000o\000s\000e\000d\000\040\000C\000a\000r\000d\000i\000a\000c\000\040\000S\000t\000r\000u\000c\000t\000u\000r\000e\000\040\000S\000e\000g\000m\000e\000n\000t\000a\000t\000i\000o\000n\000\040\000F\000r\000a\000m\000e\000w\000o\000r\000k}{chapter.4}% 54
\BOOKMARK [2][-]{subsection.4.2.1}{\376\377\000B\000a\000s\000e\000l\000i\000n\000e\000\040\000U\000-\000N\000e\000t\000\040\000A\000r\000c\000h\000i\000t\000e\000c\000t\000u\000r\000e}{section.4.2}% 55
\BOOKMARK [2][-]{subsection.4.2.2}{\376\377\000A\000c\000t\000i\000v\000a\000t\000i\000o\000n\000\040\000F\000u\000n\000c\000t\000i\000o\000n\000\040\000S\000e\000l\000e\000c\000t\000i\000o\000n}{section.4.2}% 56
\BOOKMARK [2][-]{subsection.4.2.3}{\376\377\000I\000n\000t\000e\000g\000r\000a\000t\000i\000o\000n\000\040\000o\000f\000\040\000F\000u\000z\000z\000y\000\040\000P\000o\000o\000l\000i\000n\000g}{section.4.2}% 57
\BOOKMARK [1][-]{section.4.3}{\376\377\000M\000a\000t\000e\000r\000i\000a\000l\000s\000\040\000a\000n\000d\000\040\000E\000x\000p\000e\000r\000i\000m\000e\000n\000t\000a\000l\000\040\000S\000e\000t\000u\000p}{chapter.4}% 58
\BOOKMARK [2][-]{subsection.4.3.1}{\376\377\000D\000a\000t\000a\000s\000e\000t}{section.4.3}% 59
\BOOKMARK [2][-]{subsection.4.3.2}{\376\377\000E\000x\000p\000e\000r\000i\000m\000e\000n\000t\000a\000l\000\040\000E\000n\000v\000i\000r\000o\000n\000m\000e\000n\000t}{section.4.3}% 60
\BOOKMARK [2][-]{subsection.4.3.3}{\376\377\000T\000r\000a\000i\000n\000i\000n\000g\000\040\000C\000o\000n\000f\000i\000g\000u\000r\000a\000t\000i\000o\000n}{section.4.3}% 61
\BOOKMARK [2][-]{subsection.4.3.4}{\376\377\000E\000v\000a\000l\000u\000a\000t\000i\000o\000n\000\040\000M\000e\000t\000r\000i\000c\000s}{section.4.3}% 62
\BOOKMARK [1][-]{section.4.4}{\376\377\000E\000x\000p\000e\000r\000i\000m\000e\000n\000t\000a\000l\000\040\000R\000e\000s\000u\000l\000t\000s\000\040\000a\000n\000d\000\040\000D\000i\000s\000c\000u\000s\000s\000i\000o\000n}{chapter.4}% 63
\BOOKMARK [2][-]{subsection.4.4.1}{\376\377\000T\000r\000a\000i\000n\000i\000n\000g\000\040\000B\000e\000h\000a\000v\000i\000o\000u\000r\000\040\000A\000n\000a\000l\000y\000s\000i\000s}{section.4.4}% 64
\BOOKMARK [2][-]{subsection.4.4.2}{\376\377\000Q\000u\000a\000n\000t\000i\000t\000a\000t\000i\000v\000e\000\040\000S\000e\000g\000m\000e\000n\000t\000a\000t\000i\000o\000n\000\040\000P\000e\000r\000f\000o\000r\000m\000a\000n\000c\000e}{section.4.4}% 65
\BOOKMARK [2][-]{subsection.4.4.3}{\376\377\000Q\000u\000a\000l\000i\000t\000a\000t\000i\000v\000e\000\040\000S\000e\000g\000m\000e\000n\000t\000a\000t\000i\000o\000n\000\040\000A\000n\000a\000l\000y\000s\000i\000s}{section.4.4}% 66
\BOOKMARK [2][-]{subsection.4.4.4}{\376\377\000O\000v\000e\000r\000a\000l\000l\000\040\000D\000i\000s\000c\000u\000s\000s\000i\000o\000n}{section.4.4}% 67
\BOOKMARK [1][-]{section.4.5}{\376\377\000C\000h\000a\000p\000t\000e\000r\000\040\000S\000u\000m\000m\000a\000r\000y}{chapter.4}% 68
\BOOKMARK [0][-]{chapter.5}{\376\377\000L\000O\000S\000S\000\040\000F\000U\000N\000C\000T\000I\000O\000N\000\040\000I\000N\000V\000E\000S\000T\000I\000G\000A\000T\000I\000O\000N\000\040\000F\000O\000R\000\040\000M\000Y\000O\000C\000A\000R\000D\000I\000U\000M\000\040\000S\000E\000G\000M\000E\000N\000T\000A\000T\000I\000O\000N}{}% 69
\BOOKMARK [1][-]{section.5.1}{\376\377\000O\000v\000e\000r\000v\000i\000e\000w}{chapter.5}% 70
\BOOKMARK [1][-]{section.5.2}{\376\377\000M\000y\000o\000c\000a\000r\000d\000i\000u\000m\000\040\000S\000e\000g\000m\000e\000n\000t\000a\000t\000i\000o\000n\000\040\000F\000r\000a\000m\000e\000w\000o\000r\000k}{chapter.5}% 71
\BOOKMARK [2][-]{subsection.5.2.1}{\376\377\000F\000r\000a\000m\000e\000w\000o\000r\000k\000\040\000O\000v\000e\000r\000v\000i\000e\000w}{section.5.2}% 72
\BOOKMARK [2][-]{subsection.5.2.2}{\376\377\000F\000i\000x\000e\000d\000\040\000E\000n\000h\000a\000n\000c\000e\000d\000\040\000U\000-\000N\000e\000t\000\040\000w\000i\000t\000h\000\040\000F\000u\000z\000z\000y\000\040\000P\000o\000o\000l\000i\000n\000g}{section.5.2}% 73
\BOOKMARK [2][-]{subsection.5.2.3}{\376\377\000L\000o\000s\000s\000\040\000F\000u\000n\000c\000t\000i\000o\000n\000\040\000I\000n\000v\000e\000s\000t\000i\000g\000a\000t\000i\000o\000n\000\040\000S\000t\000r\000a\000t\000e\000g\000y\000\040}{section.5.2}% 74
\BOOKMARK [2][-]{subsection.5.2.4}{\376\377\000T\000r\000a\000i\000n\000i\000n\000g\000\040\000S\000t\000r\000a\000t\000e\000g\000y\000\040}{section.5.2}% 75
\BOOKMARK [1][-]{section.5.3}{\376\377\000M\000a\000t\000e\000r\000i\000a\000l\000s\000\040\000a\000n\000d\000\040\000E\000x\000p\000e\000r\000i\000m\000e\000n\000t\000a\000l\000\040\000S\000e\000t\000u\000p}{chapter.5}% 76
\BOOKMARK [2][-]{subsection.5.3.1}{\376\377\000D\000a\000t\000a\000s\000e\000t}{section.5.3}% 77
\BOOKMARK [2][-]{subsection.5.3.2}{\376\377\000E\000x\000p\000e\000r\000i\000m\000e\000n\000t\000a\000l\000\040\000E\000n\000v\000i\000r\000o\000n\000m\000e\000n\000t}{section.5.3}% 78
\BOOKMARK [2][-]{subsection.5.3.3}{\376\377\000T\000r\000a\000i\000n\000i\000n\000g\000\040\000C\000o\000n\000f\000i\000g\000u\000r\000a\000t\000i\000o\000n}{section.5.3}% 79
\BOOKMARK [2][-]{subsection.5.3.4}{\376\377\000E\000v\000a\000l\000u\000a\000t\000i\000o\000n\000\040\000M\000e\000t\000r\000i\000c\000s}{section.5.3}% 80
\BOOKMARK [1][-]{section.5.4}{\376\377\000E\000x\000p\000e\000r\000i\000m\000e\000n\000t\000a\000l\000\040\000R\000e\000s\000u\000l\000t\000s\000\040\000a\000n\000d\000\040\000D\000i\000s\000c\000u\000s\000s\000i\000o\000n}{chapter.5}% 81
\BOOKMARK [2][-]{subsection.5.4.1}{\376\377\000T\000r\000a\000i\000n\000i\000n\000g\000\040\000B\000e\000h\000a\000v\000i\000o\000u\000r\000\040\000A\000n\000a\000l\000y\000s\000i\000s}{section.5.4}% 82
\BOOKMARK [2][-]{subsection.5.4.2}{\376\377\000Q\000u\000a\000n\000t\000i\000t\000a\000t\000i\000v\000e\000\040\000C\000o\000m\000p\000a\000r\000i\000s\000o\000n\000\040\000o\000f\000\040\000L\000o\000s\000s\000\040\000F\000u\000n\000c\000t\000i\000o\000n\000s}{section.5.4}% 83
\BOOKMARK [2][-]{subsection.5.4.3}{\376\377\000V\000i\000s\000u\000a\000l\000\040\000S\000e\000g\000m\000e\000n\000t\000a\000t\000i\000o\000n\000\040\000A\000n\000a\000l\000y\000s\000i\000s}{section.5.4}% 84
\BOOKMARK [2][-]{subsection.5.4.4}{\376\377\000O\000v\000e\000r\000a\000l\000l\000\040\000D\000i\000s\000c\000u\000s\000s\000i\000o\000n}{section.5.4}% 85
\BOOKMARK [1][-]{section.5.5}{\376\377\000C\000h\000a\000p\000t\000e\000r\000\040\000S\000u\000m\000m\000a\000r\000y}{chapter.5}% 86
\BOOKMARK [0][-]{chapter.6}{\376\377\000R\000E\000S\000I\000D\000U\000A\000L\000\040\000A\000T\000T\000E\000N\000T\000I\000O\000N\000-\000B\000A\000S\000E\000D\000\040\000M\000Y\000O\000C\000A\000R\000D\000I\000A\000L\000\040\000S\000C\000A\000R\000\040\000S\000E\000G\000M\000E\000N\000T\000A\000T\000I\000O\000N\000\040\000A\000N\000D\000\040\000Q\000U\000A\000N\000T\000I\000F\000I\000C\000A\000T\000I\000O\000N}{}% 87
\BOOKMARK [1][-]{section.6.1}{\376\377\000O\000v\000e\000r\000v\000i\000e\000w}{chapter.6}% 88
\BOOKMARK [1][-]{section.6.2}{\376\377\000P\000r\000o\000p\000o\000s\000e\000d\000\040\000R\000e\000s\000i\000d\000u\000a\000l\000\040\000A\000t\000t\000e\000n\000t\000i\000o\000n\000-\000B\000a\000s\000e\000d\000\040\000M\000y\000o\000c\000a\000r\000d\000i\000a\000l\000\040\000S\000c\000a\000r\000\040\000S\000e\000g\000m\000e\000n\000t\000a\000t\000i\000o\000n\000\040\000F\000r\000a\000m\000e\000w\000o\000r\000k}{chapter.6}% 89
\BOOKMARK [2][-]{subsection.6.2.1}{\376\377\000O\000v\000e\000r\000a\000l\000l\000\040\000F\000r\000a\000m\000e\000w\000o\000r\000k}{section.6.2}% 90
\BOOKMARK [2][-]{subsection.6.2.2}{\376\377\000M\000y\000o\000S\000c\000a\000r\000N\000e\000t\000-\000R\000A\000\040\000A\000r\000c\000h\000i\000t\000e\000c\000t\000u\000r\000e}{section.6.2}% 91
\BOOKMARK [2][-]{subsection.6.2.3}{\376\377\000M\000y\000o\000c\000a\000r\000d\000i\000a\000l\000\040\000S\000c\000a\000r\000\040\000S\000e\000g\000m\000e\000n\000t\000a\000t\000i\000o\000n}{section.6.2}% 92
\BOOKMARK [2][-]{subsection.6.2.4}{\376\377\000M\000y\000o\000c\000a\000r\000d\000i\000a\000l\000\040\000S\000c\000a\000r\000\040\000A\000r\000e\000a\000\040\000Q\000u\000a\000n\000t\000i\000f\000i\000c\000a\000t\000i\000o\000n}{section.6.2}% 93
\BOOKMARK [1][-]{section.6.3}{\376\377\000M\000a\000t\000e\000r\000i\000a\000l\000s\000\040\000a\000n\000d\000\040\000E\000x\000p\000e\000r\000i\000m\000e\000n\000t\000a\000l\000\040\000S\000e\000t\000u\000p}{chapter.6}% 94
\BOOKMARK [2][-]{subsection.6.3.1}{\376\377\000M\000y\000o\000P\000S\0002\0000\0002\0000\000\040\000D\000a\000t\000a\000s\000e\000t}{section.6.3}% 95
\BOOKMARK [2][-]{subsection.6.3.2}{\376\377\000I\000m\000a\000g\000e\000\040\000P\000r\000e\000p\000a\000r\000a\000t\000i\000o\000n\000\040\000a\000n\000d\000\040\000T\000r\000a\000i\000n\000i\000n\000g\000\040\000C\000o\000n\000f\000i\000g\000u\000r\000a\000t\000i\000o\000n}{section.6.3}% 96
\BOOKMARK [2][-]{subsection.6.3.3}{\376\377\000R\000e\000f\000e\000r\000e\000n\000c\000e\000\040\000A\000r\000c\000h\000i\000t\000e\000c\000t\000u\000r\000e\000s\000\040\000a\000n\000d\000\040\000E\000v\000a\000l\000u\000a\000t\000i\000o\000n\000\040\000M\000e\000t\000r\000i\000c\000s}{section.6.3}% 97
\BOOKMARK [1][-]{section.6.4}{\376\377\000E\000x\000p\000e\000r\000i\000m\000e\000n\000t\000a\000l\000\040\000R\000e\000s\000u\000l\000t\000s\000\040\000a\000n\000d\000\040\000D\000i\000s\000c\000u\000s\000s\000i\000o\000n}{chapter.6}% 98
\BOOKMARK [2][-]{subsection.6.4.1}{\376\377\000T\000r\000a\000i\000n\000i\000n\000g\000\040\000B\000e\000h\000a\000v\000i\000o\000u\000r\000\040\000A\000n\000a\000l\000y\000s\000i\000s}{section.6.4}% 99
\BOOKMARK [2][-]{subsection.6.4.2}{\376\377\000S\000c\000a\000r\000\040\000S\000e\000g\000m\000e\000n\000t\000a\000t\000i\000o\000n\000\040\000P\000e\000r\000f\000o\000r\000m\000a\000n\000c\000e}{section.6.4}% 100
\BOOKMARK [2][-]{subsection.6.4.3}{\376\377\000S\000c\000a\000r\000\040\000S\000e\000g\000m\000e\000n\000t\000a\000t\000i\000o\000n\000\040\000P\000e\000r\000f\000o\000r\000m\000a\000n\000c\000e}{section.6.4}% 101
\BOOKMARK [2][-]{subsection.6.4.4}{\376\377\000S\000c\000a\000r\000\040\000A\000r\000e\000a\000\040\000Q\000u\000a\000n\000t\000i\000f\000i\000c\000a\000t\000i\000o\000n}{section.6.4}% 102
\BOOKMARK [2][-]{subsection.6.4.5}{\376\377\000A\000g\000r\000e\000e\000m\000e\000n\000t\000\040\000A\000n\000a\000l\000y\000s\000i\000s}{section.6.4}% 103
\BOOKMARK [2][-]{subsection.6.4.6}{\376\377\000C\000o\000m\000p\000u\000t\000a\000t\000i\000o\000n\000a\000l\000\040\000P\000e\000r\000f\000o\000r\000m\000a\000n\000c\000e\000\040\000A\000n\000a\000l\000y\000s\000i\000s}{section.6.4}% 104
\BOOKMARK [2][-]{subsection.6.4.7}{\376\377\000O\000v\000e\000r\000a\000l\000l\000\040\000D\000i\000s\000c\000u\000s\000s\000i\000o\000n}{section.6.4}% 105
\BOOKMARK [1][-]{section.6.5}{\376\377\000C\000h\000a\000p\000t\000e\000r\000\040\000S\000u\000m\000m\000a\000r\000y}{chapter.6}% 106
\BOOKMARK [0][-]{chapter.7}{\376\377\000C\000O\000N\000C\000L\000U\000S\000I\000O\000N\000S\000\040\000A\000N\000D\000\040\000F\000U\000T\000U\000R\000E\000\040\000W\000O\000R\000K\000S}{}% 107
\BOOKMARK [1][-]{section.7.1}{\376\377\000C\000o\000n\000c\000l\000u\000s\000i\000o\000n\000s}{chapter.7}% 108
\BOOKMARK [2][-]{subsection.7.1.1}{\376\377\000C\000o\000n\000t\000r\000i\000b\000u\000t\000i\000o\000n\000\040\000t\000o\000\040\000C\000a\000r\000d\000i\000a\000c\000\040\000S\000t\000r\000u\000c\000t\000u\000r\000e\000\040\000S\000e\000g\000m\000e\000n\000t\000a\000t\000i\000o\000n}{section.7.1}% 109
\BOOKMARK [2][-]{subsection.7.1.2}{\376\377\000C\000o\000n\000t\000r\000i\000b\000u\000t\000i\000o\000n\000\040\000t\000o\000\040\000M\000y\000o\000c\000a\000r\000d\000i\000u\000m\000\040\000S\000e\000g\000m\000e\000n\000t\000a\000t\000i\000o\000n}{section.7.1}% 110
\BOOKMARK [2][-]{subsection.7.1.3}{\376\377\000C\000o\000n\000t\000r\000i\000b\000u\000t\000i\000o\000n\000\040\000t\000o\000\040\000M\000y\000o\000c\000a\000r\000d\000i\000a\000l\000\040\000S\000c\000a\000r\000\040\000A\000s\000s\000e\000s\000s\000m\000e\000n\000t}{section.7.1}% 111
\BOOKMARK [2][-]{subsection.7.1.4}{\376\377\000O\000v\000e\000r\000a\000l\000l\000\040\000S\000c\000i\000e\000n\000t\000i\000f\000i\000c\000\040\000C\000o\000n\000t\000r\000i\000b\000u\000t\000i\000o\000n}{section.7.1}% 112
\BOOKMARK [1][-]{section.7.2}{\376\377\000L\000i\000m\000i\000t\000a\000t\000i\000o\000n\000s}{chapter.7}% 113
\BOOKMARK [1][-]{section.7.3}{\376\377\000F\000u\000t\000u\000r\000e\000\040\000W\000o\000r\000k\000s}{chapter.7}% 114
\BOOKMARK [0][-]{section.7.3}{\376\377\000R\000E\000F\000E\000R\000E\000N\000C\000E\000S}{}% 115
\BOOKMARK [0][-]{appendix*.64}{\376\377\000A\000U\000T\000H\000O\000R\000'\000S\000\040\000B\000I\000O\000G\000R\000A\000P\000H\000Y}{}% 116
