This is pdfTeX, Version 3.141592653-2.6-1.40.29 (MiKTeX 26.5) (preloaded format=pdflatex 2026.7.27)  13 AUG 2026 10:04
entering extended mode
 restricted \write18 enabled.
 %&-line parsing enabled.
**"./Template Disertasi-Tesis-Proposal Elektro ITS.tex"
(Template Disertasi-Tesis-Proposal Elektro ITS.tex
LaTeX2e <2026-06-01>
L3 programming layer <2026-06-18>
(C:\Program Files\MiKTeX\tex/latex/base\report.cls
Document Class: report 2025/01/22 v1.4n Standard LaTeX document class
(C:\Program Files\MiKTeX\tex/latex/base\size12.clo
File: size12.clo 2025/01/22 v1.4n Standard LaTeX file (size option)
)
\c@part=\count276
\c@chapter=\count277
\c@section=\count278
\c@subsection=\count279
\c@subsubsection=\count280
\c@paragraph=\count281
\c@subparagraph=\count282
\c@figure=\count283
\c@table=\count284
\abovecaptionskip=\skip49
\belowcaptionskip=\skip50
\bibindent=\dimen150
) (lib/init.tex
(C:\Program Files\MiKTeX\tex/generic/babel\babel.sty
Package: babel 2026/06/14 v26.9 The multilingual framework for LuaLaTeX, pdfLaT
eX and XeLaTeX
\babel@savecnt=\count285
LaTeX Encoding Info:    Redeclaring text command \ij (encoding OT1) on input li
ne 2084.
LaTeX Encoding Info:    Redeclaring text command \IJ (encoding OT1) on input li
ne 2086.
LaTeX Encoding Info:    Redeclaring text command \ij (encoding T1) on input lin
e 2088.
LaTeX Encoding Info:    Redeclaring text command \IJ (encoding T1) on input lin
e 2089.
LaTeX Encoding Info:    Ignoring declaration for text command \ij (encoding ?) 
on input line 2090.
LaTeX Encoding Info:    Ignoring declaration for text command \IJ (encoding ?) 
on input line 2092.
LaTeX Encoding Info:    Ignoring declaration for text command \SS (encoding ?) 
on input line 2117.
\U@D=\dimen151
\l@unhyphenated=\language79

(C:\Program Files\MiKTeX\tex/generic/babel\txtbabel.def)
\bbl@readstream=\read2
\bbl@dirlevel=\count286
Package babel Info: Configuration files are deprecated, as
(babel)             they can break document portability.
(babel)             Reported on input line 4252.

*************************************
* Local config file bblopts.cfg used
*
(C:\Program Files\MiKTeX\tex/latex/arabi\bblopts.cfg
File: bblopts.cfg 2005/09/08 v0.1 add Arabic and Farsi to "declared" options of
 babel
)
(C:\Program Files\MiKTeX\tex/generic/babel/locale/en\babel-american.tex)
Package babel Info: Importing font and identification data for 'american'
(babel)             from babel-en-US.ini. Reported on input line 4380.

(C:\Program Files\MiKTeX\tex/latex/babel-english\american.ldf
Language: american 2017/06/06 v3.3r English support from the babel system

(C:\Program Files\MiKTeX\tex/latex/babel-english\english.ldf
Language: english 2017/06/06 v3.3r English support from the babel system
Package babel Info: Hyphen rules for 'canadian' set to \l@english
(babel)             (\language0). Reported on input line 102.
Package babel Info: Hyphen rules for 'australian' set to \l@ukenglish
(babel)             (\language73). Reported on input line 105.
Package babel Info: Hyphen rules for 'newzealand' set to \l@ukenglish
(babel)             (\language73). Reported on input line 108.
)))
(C:\Program Files\MiKTeX\tex/latex/base\inputenc.sty
Package: inputenc 2024/02/08 v1.3d Input encoding file
\inpenc@prehook=\toks17
\inpenc@posthook=\toks18
)
(C:\Users\ASUS\AppData\Local\Programs\MiKTeX\tex/latex/geometry\geometry.sty
Package: geometry 2020/01/02 v5.9 Page Geometry

(C:\Program Files\MiKTeX\tex/latex/graphics\keyval.sty
Package: keyval 2026-05-17 v1.15 key=value parser (DPC)
\KV@toks@=\toks19
)
(C:\Program Files\MiKTeX\tex/generic/iftex\ifvtex.sty
Package: ifvtex 2019/10/25 v1.7 ifvtex legacy package. Use iftex instead.

(C:\Program Files\MiKTeX\tex/generic/iftex\iftex.sty
Package: iftex 2024/12/12 v1.0g TeX engine tests
))
\Gm@cnth=\count287
\Gm@cntv=\count288
\c@Gm@tempcnt=\count289
\Gm@bindingoffset=\dimen152
\Gm@wd@mp=\dimen153
\Gm@odd@mp=\dimen154
\Gm@even@mp=\dimen155
\Gm@layoutwidth=\dimen156
\Gm@layoutheight=\dimen157
\Gm@layouthoffset=\dimen158
\Gm@layoutvoffset=\dimen159
\Gm@dimlist=\toks20

(C:\Users\ASUS\AppData\Local\Programs\MiKTeX\tex/latex/geometry\geometry.cfg))
(C:\Users\ASUS\AppData\Local\Programs\MiKTeX\tex/latex/algorithms\algorithm.sty
Package: algorithm 2009/08/24 v0.1 Document Style `algorithm' - floating enviro
nment
(C:\Users\ASUS\AppData\Local\Programs\MiKTeX\tex/latex/float\float.sty
Package: float 2001/11/08 v1.3d Float enhancements (AL)
\c@float@type=\count290
\float@exts=\toks21
\float@box=\box53
\@float@everytoks=\toks22
\@floatcapt=\box54
)
(C:\Program Files\MiKTeX\tex/latex/base\ifthen.sty
Package: ifthen 2024/03/16 v1.1e Standard LaTeX ifthen package (DPC)
)
\@float@every@algorithm=\toks23
\c@algorithm=\count291
)
(C:\Users\ASUS\AppData\Local\Programs\MiKTeX\tex/latex/algorithmicx\algpseudoco
de.sty
Package: algpseudocode 

(C:\Users\ASUS\AppData\Local\Programs\MiKTeX\tex/latex/algorithmicx\algorithmic
x.sty
Package: algorithmicx 2005/04/27 v1.2 Algorithmicx

Document Style algorithmicx 1.2 - a greatly improved `algorithmic' style
\c@ALG@line=\count292
\c@ALG@rem=\count293
\c@ALG@nested=\count294
\ALG@tlm=\skip51
\ALG@thistlm=\skip52
\c@ALG@Lnr=\count295
\c@ALG@blocknr=\count296
\c@ALG@storecount=\count297
\c@ALG@tmpcounter=\count298
\ALG@tmplength=\skip53
)
Document Style - pseudocode environments for use with the `algorithmicx' style
) (C:\Program Files\MiKTeX\tex/latex/graphics\graphicx.sty
Package: graphicx 2026-05-17 v1.2e Enhanced LaTeX Graphics (DPC,SPQR)

(C:\Program Files\MiKTeX\tex/latex/graphics\graphics.sty
Package: graphics 2026-05-17 v1.4h Standard LaTeX Graphics (DPC,SPQR)

(C:\Program Files\MiKTeX\tex/latex/graphics\trig.sty
Package: trig 2023/12/02 v1.11 sin cos tan (DPC)
)
(C:\Program Files\MiKTeX\tex/latex/graphics-cfg\graphics.cfg
File: graphics.cfg 2016/06/04 v1.11 sample graphics configuration
)
Package graphics Info: Driver file: pdftex.def on input line 106.

(C:\Program Files\MiKTeX\tex/latex/graphics-def\pdftex.def
File: pdftex.def 2025/09/29 v1.2d Graphics/color driver for pdftex
))
\Gin@req@height=\dimen160
\Gin@req@width=\dimen161
)
(C:\Program Files\MiKTeX\tex/latex/graphics\epsfig.sty
Package: epsfig 2024/01/14 v1.7b (e)psfig emulation (SPQR)
\epsfxsize=\dimen162
\epsfysize=\dimen163
)
(C:\Users\ASUS\AppData\Local\Programs\MiKTeX\tex/latex/caption\subcaption.sty
Package: subcaption 2023/07/28 v1.6b Sub-captions (AR)

(C:\Users\ASUS\AppData\Local\Programs\MiKTeX\tex/latex/caption\caption.sty
Package: caption 2023/08/05 v3.6o Customizing captions (AR)

(C:\Users\ASUS\AppData\Local\Programs\MiKTeX\tex/latex/caption\caption3.sty
Package: caption3 2023/07/31 v2.4d caption3 kernel (AR)
\caption@tempdima=\dimen164
\captionmargin=\dimen165
\caption@leftmargin=\dimen166
\caption@rightmargin=\dimen167
\caption@width=\dimen168
\caption@indent=\dimen169
\caption@parindent=\dimen170
\caption@hangindent=\dimen171
Package caption Info: Standard document class detected.
)
\c@caption@flags=\count299
\c@continuedfloat=\count300
Package caption Info: float package is loaded.
)
Package caption Info: New subtype `subfigure' on input line 238.
\c@subfigure=\count301
Package caption Info: New subtype `subtable' on input line 238.
\c@subtable=\count302
)
(C:\Users\ASUS\AppData\Local\Programs\MiKTeX\tex/latex/pdflscape\pdflscape.sty
Package: pdflscape 2022-10-27 v0.13 Display of landscape pages in PDF

(C:\Users\ASUS\AppData\Local\Programs\MiKTeX\tex/latex/pdflscape\pdflscape-nome
tadata.sty
Package: pdflscape-nometadata 2022-10-28 v0.13 Display of landscape pages in PD
F (HO)
 (C:\Program Files\MiKTeX\tex/latex/graphics\lscape.sty
Package: lscape 2020/05/28 v3.02 Landscape Pages (DPC)
)
Package pdflscape Info: Auto-detected driver: pdftex on input line 81.
))
(C:\Program Files\MiKTeX\tex/latex/graphics\rotating.sty
Package: rotating 2026-05-17 v2.16e rotated objects in LaTeX
\c@r@tfl@t=\count303
\rotFPtop=\skip54
\rotFPbot=\skip55
\rot@float@box=\box55
\rot@mess@toks=\toks24
)
(C:\Users\ASUS\AppData\Local\Programs\MiKTeX\tex/latex/adjustbox\adjustbox.sty
Package: adjustbox 2025/02/26 v1.3c Adjusting TeX boxes (trim, clip, ...)

(C:\Program Files\MiKTeX\tex/latex/xkeyval\xkeyval.sty
Package: xkeyval 2022/06/16 v2.9 package option processing (HA)

(C:\Program Files\MiKTeX\tex/generic/xkeyval\xkeyval.tex
(C:\Program Files\MiKTeX\tex/generic/xkeyval\xkvutils.tex
\XKV@toks=\toks25
\XKV@tempa@toks=\toks26
)
\XKV@depth=\count304
File: xkeyval.tex 2014/12/03 v2.7a key=value parser (HA)
))
(C:\Users\ASUS\AppData\Local\Programs\MiKTeX\tex/latex/adjustbox\adjcalc.sty
Package: adjcalc 2012/05/16 v1.1 Provides advanced setlength with multiple back
-ends (calc, etex, pgfmath)
)
(C:\Users\ASUS\AppData\Local\Programs\MiKTeX\tex/latex/adjustbox\trimclip.sty
Package: trimclip 2025/02/21 v1.2a Trim and clip general TeX material

(C:\Users\ASUS\AppData\Local\Programs\MiKTeX\tex/latex/collectbox\collectbox.st
y
Package: collectbox 2022/10/17 v0.4c Collect macro arguments as boxes
\collectedbox=\box56
)
\tc@llx=\dimen172
\tc@lly=\dimen173
\tc@urx=\dimen174
\tc@ury=\dimen175
Package trimclip Info: Using driver 'tc-pdftex.def'.

(C:\Users\ASUS\AppData\Local\Programs\MiKTeX\tex/latex/adjustbox\tc-pdftex.def
File: tc-pdftex.def 2025/02/26 v2.3 Clipping driver for pdftex
))
\adjbox@Width=\dimen176
\adjbox@Height=\dimen177
\adjbox@Depth=\dimen178
\adjbox@Totalheight=\dimen179
\adjbox@pwidth=\dimen180
\adjbox@pheight=\dimen181
\adjbox@pdepth=\dimen182
\adjbox@ptotalheight=\dimen183

(C:\Users\ASUS\AppData\Local\Programs\MiKTeX\tex/latex/ifoddpage\ifoddpage.sty
Package: ifoddpage 2022/10/18 v1.2 Conditionals for odd/even page detection
\c@checkoddpage=\count305
) (C:\Users\ASUS\AppData\Local\Programs\MiKTeX\tex/latex/varwidth\varwidth.sty
Package: varwidth 2009/03/30 ver 0.92;  Variable-width minipages
\@vwid@box=\box57
\sift@deathcycles=\count306
\@vwid@loff=\dimen184
\@vwid@roff=\dimen185
)
==> First Aid for varwidth.sty applied!
) (C:\Users\ASUS\AppData\Local\Programs\MiKTeX\tex/latex/wrapfig\wrapfig.sty
\wrapoverhang=\dimen186
\WF@size=\dimen187
\c@WF@wrappedlines=\count307
\WF@box=\box58
\WF@everypar=\toks27
Package: wrapfig 2003/01/31  v 3.6
)
(C:\Users\ASUS\AppData\Local\Programs\MiKTeX\tex/latex/morefloats\morefloats.st
y
Package: morefloats 2025/01/28 v1.1a Raise limit of unprocessed floats (HMM)

(C:\Users\ASUS\AppData\Local\Programs\MiKTeX\tex/latex/kvoptions\kvoptions.sty
Package: kvoptions 2022-06-15 v3.15 Key value format for package options (HO)

(C:\Users\ASUS\AppData\Local\Programs\MiKTeX\tex/generic/ltxcmds\ltxcmds.sty
Package: ltxcmds 2023-12-04 v1.26 LaTeX kernel commands for general use (HO)
)
(C:\Users\ASUS\AppData\Local\Programs\MiKTeX\tex/latex/kvsetkeys\kvsetkeys.sty
Package: kvsetkeys 2022-10-05 v1.19 Key value parser (HO)
))
Package morefloats Info: Maximum number of possible floats asked for: 36
(morefloats)             (i.e. 18 more floats).
(morefloats)             LaTeX might run out of memory before this
(morefloats)             (in which case it will notify you).
) (C:\Users\ASUS\AppData\Local\Programs\MiKTeX\tex/latex/eso-pic\eso-pic.sty
Package: eso-pic 2025/12/10 v3.0d eso-pic (RN)
\ESO@tempdima=\dimen188
\ESO@tempdimb=\dimen189

(C:\Program Files\MiKTeX\tex/latex/xcolor\xcolor.sty
Package: xcolor 2024/09/29 v3.02 LaTeX color extensions (UK)

(C:\Program Files\MiKTeX\tex/latex/graphics-cfg\color.cfg
File: color.cfg 2016/01/02 v1.6 sample color configuration
)
Package xcolor Info: Driver file: pdftex.def on input line 274.

(C:\Program Files\MiKTeX\tex/latex/graphics\mathcolor.ltx)
Package xcolor Info: Model `cmy' substituted by `cmy0' on input line 1349.
Package xcolor Info: Model `hsb' substituted by `rgb' on input line 1353.
Package xcolor Info: Model `RGB' extended on input line 1365.
Package xcolor Info: Model `HTML' substituted by `rgb' on input line 1367.
Package xcolor Info: Model `Hsb' substituted by `hsb' on input line 1368.
Package xcolor Info: Model `tHsb' substituted by `hsb' on input line 1369.
Package xcolor Info: Model `HSB' substituted by `hsb' on input line 1370.
Package xcolor Info: Model `Gray' substituted by `gray' on input line 1371.
Package xcolor Info: Model `wave' substituted by `hsb' on input line 1372.
))
(C:\Users\ASUS\AppData\Local\Programs\MiKTeX\tex/latex/pdfpages\pdfpages.sty
Package: pdfpages 2025/07/23 v0.6g Insert pages of external PDF documents (AM)

(C:\Program Files\MiKTeX\tex/latex/tools\calc.sty
Package: calc 2025/03/01 v4.3b Infix arithmetic (KKT,FJ)
\calc@Acount=\count308
\calc@Bcount=\count309
\calc@Adimen=\dimen190
\calc@Bdimen=\dimen191
\calc@Askip=\skip56
\calc@Bskip=\skip57
LaTeX Info: Redefining \setlength on input line 86.
LaTeX Info: Redefining \addtolength on input line 87.
\calc@Ccount=\count310
\calc@Cskip=\skip58
)
(C:\Program Files\MiKTeX\tex/latex/etoolbox\etoolbox.sty
Package: etoolbox 2025/10/02 v2.5m e-TeX tools for LaTeX (JAW)
\etb@tempcnta=\count311
)
\AM@pagewidth=\dimen192
\AM@pageheight=\dimen193
\AM@fboxrule=\dimen194

(C:\Users\ASUS\AppData\Local\Programs\MiKTeX\tex/latex/pdfpages\pppdftex.def
File: pppdftex.def 2025/07/23 v0.6g Pdfpages driver for pdfTeX (AM)
)
\pdfpages@includegraphics@status=\count312
\AM@pagebox=\box59
\AM@global@opts=\toks28
\AM@pagecnt=\count313
\AM@toc@title=\toks29
\AM@lof@heading=\toks30
\c@AM@survey=\count314
\AM@templatesizebox=\box60
)
(C:\Users\ASUS\AppData\Local\Programs\MiKTeX\tex/latex/booktabs\booktabs.sty
Package: booktabs 2020/01/12 v1.61803398 Publication quality tables
\heavyrulewidth=\dimen195
\lightrulewidth=\dimen196
\cmidrulewidth=\dimen197
\belowrulesep=\dimen198
\belowbottomsep=\dimen199
\aboverulesep=\dimen256
\abovetopsep=\dimen257
\cmidrulesep=\dimen258
\cmidrulekern=\dimen259
\defaultaddspace=\dimen260
\@cmidla=\count315
\@cmidlb=\count316
\@aboverulesep=\dimen261
\@belowrulesep=\dimen262
\@thisruleclass=\count317
\@lastruleclass=\count318
\@thisrulewidth=\dimen263
)
(C:\Program Files\MiKTeX\tex/latex/tools\longtable.sty
Package: longtable 2026-01-28 v4.27 Multi-page Table package (DPC)
\LTleft=\skip59
\LTright=\skip60
\LTpre=\skip61
\LTpost=\skip62
\LTchunksize=\count319
\LTcapwidth=\dimen264
\LT@head=\box61
\LT@firsthead=\box62
\LT@foot=\box63
\LT@lastfoot=\box64
\LT@gbox=\box65
\LT@cols=\count320
\LT@rows=\count321
\c@LT@tables=\count322
\c@LT@chunks=\count323
\LT@p@ftn=\toks31
)
(C:\Users\ASUS\AppData\Local\Programs\MiKTeX\tex/latex/multirow\multirow.sty
Package: multirow 2024/11/12 v2.9 Span multiple rows of a table
\multirow@colwidth=\skip63
\multirow@cntb=\count324
\multirow@dima=\skip64
\bigstrutjot=\dimen265
)
(C:\Program Files\MiKTeX\tex/latex/tools\array.sty
Package: array 2026/02/24 v2.7b Tabular extension package (FMi)
\col@sep=\dimen266
\ar@mcellbox=\box66
\extrarowheight=\dimen267
\NC@list=\toks32
\extratabsurround=\skip65
\backup@length=\skip66
\ar@cellbox=\box67
)
(C:\Program Files\MiKTeX\tex/latex/tools\tabularx.sty
Package: tabularx 2023/12/11 v2.12a `tabularx' package (DPC)
\TX@col@width=\dimen268
\TX@old@table=\dimen269
\TX@old@col=\dimen270
\TX@target=\dimen271
\TX@delta=\dimen272
\TX@cols=\count325
\TX@ftn=\toks33
)
(C:\Users\ASUS\AppData\Local\Programs\MiKTeX\tex/latex/colortbl\colortbl.sty
Package: colortbl 2024/10/29 v1.0k Color table columns (DPC)
\everycr=\toks34
\minrowclearance=\skip67
\rownum=\count326
)

LaTeX Warning: Package "xcolor" has already been loaded: ignoring load-time
(LaTeX)        option "xcdraw".

(C:\Program Files\MiKTeX\tex/latex/amsmath\amsmath.sty
Package: amsmath 2026/05/19 v2.18d AMS math features
\@mathmargin=\skip68

For additional information on amsmath, use the `?' option.
(C:\Program Files\MiKTeX\tex/latex/amsmath\amstext.sty
Package: amstext 2024/11/17 v2.01 AMS text

(C:\Program Files\MiKTeX\tex/latex/amsmath\amsgen.sty
File: amsgen.sty 1999/11/30 v2.0 generic functions
\@emptytoks=\toks35
\ex@=\dimen273
))
(C:\Program Files\MiKTeX\tex/latex/amsmath\amsbsy.sty
Package: amsbsy 1999/11/29 v1.2d Bold Symbols
\pmbraise@=\dimen274
)
(C:\Program Files\MiKTeX\tex/latex/amsmath\amsopn.sty
Package: amsopn 2022/04/08 v2.04 operator names
)
\inf@bad=\count327
LaTeX Info: Redefining \frac on input line 233.
\uproot@=\count328
\leftroot@=\count329
LaTeX Info: Redefining \overline on input line 398.
LaTeX Info: Redefining \colon on input line 409.
\classnum@=\count330
\DOTSCASE@=\count331
LaTeX Info: Redefining \ldots on input line 495.
LaTeX Info: Redefining \dots on input line 498.
LaTeX Info: Redefining \cdots on input line 619.
\Mathstrutbox@=\box68
\strutbox@=\box69
LaTeX Info: Redefining \big on input line 721.
LaTeX Info: Redefining \Big on input line 722.
LaTeX Info: Redefining \bigg on input line 723.
LaTeX Info: Redefining \Bigg on input line 724.
\big@size=\dimen275
LaTeX Font Info:    Redeclaring font encoding OML on input line 742.
LaTeX Font Info:    Redeclaring font encoding OMS on input line 743.
\macc@depth=\count332
LaTeX Info: Redefining \bmod on input line 904.
LaTeX Info: Redefining \pmod on input line 909.
LaTeX Info: Redefining \smash on input line 939.
LaTeX Info: Redefining \relbar on input line 969.
LaTeX Info: Redefining \Relbar on input line 970.
\c@MaxMatrixCols=\count333
\dotsspace@=\muskip17
\c@parentequation=\count334
\dspbrk@lvl=\count335
\tag@help=\toks36
\row@=\count336
\column@=\count337
\maxfields@=\count338
\andhelp@=\toks37
\eqnshift@=\dimen276
\alignsep@=\dimen277
\tagshift@=\dimen278
\tagwidth@=\dimen279
\totwidth@=\dimen280
\lineht@=\dimen281
\@envbody=\toks38
\multlinegap=\skip69
\multlinetaggap=\skip70
\mathdisplay@stack=\toks39
LaTeX Info: Redefining \[ on input line 2965.
LaTeX Info: Redefining \] on input line 2966.
)
(C:\Program Files\MiKTeX\tex/latex/amsfonts\amsfonts.sty
Package: amsfonts 2013/01/14 v3.01 Basic AMSFonts support
\symAMSa=\mathgroup4
\symAMSb=\mathgroup5
LaTeX Font Info:    Redeclaring math symbol \hbar on input line 98.
LaTeX Font Info:    Overwriting math alphabet `\mathfrak' in version `bold'
(Font)                  U/euf/m/n --> U/euf/b/n on input line 106.
)
(C:\Program Files\MiKTeX\tex/latex/amsfonts\amssymb.sty
Package: amssymb 2013/01/14 v3.01 AMS font symbols
)
(C:\Users\ASUS\AppData\Local\Programs\MiKTeX\tex/latex/ncctools\nccmath.sty
Package: nccmath 2006/01/20 v1.3 Additional Math Commands (NCC)
\NCC@fracrulewidth=\dimen282
)
(C:\Users\ASUS\AppData\Local\Programs\MiKTeX\tex/latex/psnfss\pifont.sty
Package: pifont 2020/03/25 PSNFSS-v9.3 Pi font support (SPQR) 
LaTeX Font Info:    Trying to load font information for U+pzd on input line 63.


(C:\Users\ASUS\AppData\Local\Programs\MiKTeX\tex/latex/psnfss\upzd.fd
File: upzd.fd 2001/06/04 font definitions for U/pzd.
)
LaTeX Font Info:    Trying to load font information for U+psy on input line 64.


(C:\Users\ASUS\AppData\Local\Programs\MiKTeX\tex/latex/psnfss\upsy.fd
File: upsy.fd 2001/06/04 font definitions for U/psy.
))
(C:\Users\ASUS\AppData\Local\Programs\MiKTeX\tex/latex/setspace\setspace.sty
Package: setspace 2022/12/04 v6.7b set line spacing
)
(C:\Users\ASUS\AppData\Local\Programs\MiKTeX\tex/latex/type1cm\type1cm.sty
Package: type1cm 2002/09/05 v0.04 BlueSky/Y&Y Type1 CM font definitions (DPC, p
atched RF)
)
(C:\Users\ASUS\AppData\Local\Programs\MiKTeX\tex/latex/lettrine\lettrine.sty
File: lettrine.sty 2025-12-06 v2.83 (Daniel Flipo)
\c@DefaultLines=\count339
\c@DefaultDepth=\count340
\DefaultFindent=\dimen283
\DefaultNindent=\dimen284
\DefaultSlope=\dimen285
\DiscardVskip=\dimen286
\L@lbox=\box70
\c@L@lines=\count341
\c@L@depth=\count342
\L@Pindent=\dimen287
\L@Findent=\dimen288
\L@Nindent=\dimen289
\L@lraise=\dimen290
\L@first=\dimen291
\L@next=\dimen292
\L@slope=\dimen293
\L@height=\dimen294
\L@novskip=\dimen295
\L@target@ht=\dimen296
\L@target@dp=\dimen297
\L@target@tht=\dimen298
\LettrineWidth=\dimen299
\LettrineHeight=\dimen300
\LettrineDepth=\dimen301
\L@finalht=\dimen302
\L@finaldp=\dimen303

Loading lettrine.cfg
(C:\Users\ASUS\AppData\Local\Programs\MiKTeX\tex/latex/lettrine\lettrine.cfg)
\Lettrine@tweaks=\toks40
\Llist@everypar=\toks41
)
(C:\Users\ASUS\AppData\Local\Programs\MiKTeX\tex/latex/enumitem\enumitem.sty
Package: enumitem 2025/02/06 v3.11 Customized lists
\labelindent=\skip71
\enit@outerparindent=\dimen304
\enit@toks=\toks42
\enit@inbox=\box71
\enit@count@id=\count343
\enitdp@description=\count344
)
(C:\Users\ASUS\AppData\Local\Programs\MiKTeX\tex/latex/ulem\ulem.sty
\UL@box=\box72
\UL@hyphenbox=\box73
\UL@skip=\skip72
\UL@hook=\toks43
\UL@height=\dimen305
\UL@pe=\count345
\UL@pixel=\dimen306
\ULC@box=\box74
Package: ulem 2019/11/18
\ULdepth=\dimen307
)
(C:\Users\ASUS\AppData\Local\Programs\MiKTeX\tex/latex/titlesec\titlesec.sty
Package: titlesec 2025/01/04 v2.17 Sectioning titles
\ttl@box=\box75
\beforetitleunit=\skip73
\aftertitleunit=\skip74
\ttl@plus=\dimen308
\ttl@minus=\dimen309
\ttl@toksa=\toks44
\titlewidth=\dimen310
\titlewidthlast=\dimen311
\titlewidthfirst=\dimen312
)
(C:\Program Files\MiKTeX\tex/latex/tools\multicol.sty
Package: multicol 2025/10/21 v2.0b multicolumn formatting (FMi)
\c@tracingmulticols=\count346
\mult@box=\box76
\multicol@leftmargin=\dimen313
\c@unbalance=\count347
\c@collectmore=\count348
\doublecol@number=\count349
\multicoltolerance=\count350
\multicolpretolerance=\count351
\full@width=\dimen314
\page@free=\dimen315
\premulticols=\dimen316
\postmulticols=\dimen317
\multicolsep=\skip75
\multicolbaselineskip=\skip76
\partial@page=\box77
\last@line=\box78
\mc@boxedresult=\box79
\maxbalancingoverflow=\dimen318
\mult@rightbox=\box80
\mult@grightbox=\box81
\mult@firstbox=\box82
\mult@gfirstbox=\box83
\@tempa=\box84
\@tempa=\box85
\@tempa=\box86
\@tempa=\box87
\@tempa=\box88
\@tempa=\box89
\@tempa=\box90
\@tempa=\box91
\@tempa=\box92
\@tempa=\box93
\@tempa=\box94
\@tempa=\box95
\@tempa=\box96
\@tempa=\box97
\@tempa=\box98
\@tempa=\box99
\@tempa=\box100
\@tempa=\box101
\@tempa=\box102
\@tempa=\box103
\@tempa=\box104
\@tempa=\box105
\@tempa=\box106
\@tempa=\box107
\@tempa=\box108
\@tempa=\box109
\@tempa=\box110
\@tempa=\box111
\@tempa=\box112
\@tempa=\box113
\@tempa=\box114
\@tempa=\box115
\@tempa=\box116
\@tempa=\box117
\@tempa=\box118
\@tempa=\box119
\c@minrows=\count352
\c@columnbadness=\count353
\c@finalcolumnbadness=\count354
\last@try=\dimen319
\multicolovershoot=\dimen320
\multicolundershoot=\dimen321
\mult@nat@firstbox=\box120
\colbreak@box=\box121
\mc@col@check@num=\count355
\g__mc_curr_col_int=\count356
)
(C:\Program Files\MiKTeX\tex/latex/listings\listings.sty
\lst@mode=\count357
\lst@gtempboxa=\box122
\lst@token=\toks45
\lst@length=\count358
\lst@currlwidth=\dimen322
\lst@column=\count359
\lst@pos=\count360
\lst@lostspace=\dimen323
\lst@width=\dimen324
\lst@newlines=\count361
\lst@lineno=\count362
\lst@maxwidth=\dimen325

(C:\Program Files\MiKTeX\tex/latex/listings\lstpatch.sty
File: lstpatch.sty 2025/11/14 1.11b (Carsten Heinz)
)
(C:\Program Files\MiKTeX\tex/latex/listings\lstmisc.sty
File: lstmisc.sty 2025/11/14 1.11b (Carsten Heinz)
\c@lstnumber=\count363
\lst@skipnumbers=\count364
\lst@framebox=\box123
)
(C:\Program Files\MiKTeX\tex/latex/listings\listings.cfg
File: listings.cfg 2025/11/14 1.11b listings configuration
))
Package: listings 2025/11/14 1.11b (Carsten Heinz)

(C:\Program Files\MiKTeX\tex/latex/ragged2e\ragged2e.sty
Package: ragged2e 2023/06/22 v3.6 ragged2e Package
\CenteringLeftskip=\skip77
\RaggedLeftLeftskip=\skip78
\RaggedRightLeftskip=\skip79
\CenteringRightskip=\skip80
\RaggedLeftRightskip=\skip81
\RaggedRightRightskip=\skip82
\CenteringParfillskip=\skip83
\RaggedLeftParfillskip=\skip84
\RaggedRightParfillskip=\skip85
\JustifyingParfillskip=\skip86
\CenteringParindent=\skip87
\RaggedLeftParindent=\skip88
\RaggedRightParindent=\skip89
\JustifyingParindent=\skip90
)
(C:\Users\ASUS\AppData\Local\Programs\MiKTeX\tex/latex/lipsum\lipsum.sty
(C:\Program Files\MiKTeX\tex/latex/l3packages/l3keys2e\l3keys2e.sty
(C:\Program Files\MiKTeX\tex/latex/l3kernel\expl3.sty
Package: expl3 2026-06-18 L3 programming layer (loader) 

(C:\Program Files\MiKTeX\tex/latex/l3backend\l3backend-pdftex.def
File: l3backend-pdftex.def 2026-02-18 L3 backend support: PDF output (pdfTeX)
\l__color_backend_stack_int=\count365
))
Package: l3keys2e 2025-10-09 LaTeX2e option processing using LaTeX3 keys
)
Package: lipsum 2021-09-20 v2.7 150 paragraphs of Lorem Ipsum dummy text
\g__lipsum_par_int=\count366
\l__lipsum_a_int=\count367
\l__lipsum_b_int=\count368

(C:\Users\ASUS\AppData\Local\Programs\MiKTeX\tex/latex/lipsum\lipsum.ltd.tex))
(C:\Users\ASUS\AppData\Local\Programs\MiKTeX\tex/latex/hyphenat\hyphenat.sty
Package: hyphenat 2009/09/02 v2.3c hyphenation utilities
\langwohyphens=\language80
LaTeX Info: Redefining \_ on input line 43.
)
(C:\Program Files\MiKTeX\tex/latex/comment\comment.sty
\CommentStream=\write3

Excluding comment 'comment')
(C:\Users\ASUS\AppData\Local\Programs\MiKTeX\tex/latex/changepage\changepage.st
y
Package: changepage 2009/10/20 v1.0c check page and change page layout
\c@cp@cntr=\count369
\cp@tempcnt=\count370
LaTeX Info: Redefining \checkoddpage on input line 59.
) (C:\Program Files\MiKTeX\tex/latex/tools\afterpage.sty
Package: afterpage 2023/07/04 v1.08 After-Page Package (DPC)
\AP@output=\toks46
\AP@partial=\box124
\AP@footins=\box125
)
(C:\Users\ASUS\AppData\Local\Programs\MiKTeX\tex/latex/natbib\natbib.sty
Package: natbib 2010/09/13 8.31b (PWD, AO)
\bibhang=\skip91
\bibsep=\skip92
LaTeX Info: Redefining \cite on input line 694.
\c@NAT@ctr=\count371
)
(C:\Program Files\MiKTeX\tex/latex/hyperref\hyperref.sty
Package: hyperref 2026-06-17 v7.01r Hypertext links for LaTeX

(C:\Users\ASUS\AppData\Local\Programs\MiKTeX\tex/generic/kvdefinekeys\kvdefinek
eys.sty
Package: kvdefinekeys 2019-12-19 v1.6 Define keys (HO)
)
(C:\Users\ASUS\AppData\Local\Programs\MiKTeX\tex/generic/pdfescape\pdfescape.st
y
Package: pdfescape 2019/12/09 v1.15 Implements pdfTeX's escape features (HO)
 (C:\Program Files\MiKTeX\tex/generic/pdftexcmds\pdftexcmds.sty
Package: pdftexcmds 2020-06-27 v0.33 Utility functions of pdfTeX for LuaTeX (HO
)

(C:\Users\ASUS\AppData\Local\Programs\MiKTeX\tex/generic/infwarerr\infwarerr.st
y
Package: infwarerr 2019/12/03 v1.5 Providing info/warning/error messages (HO)
)
Package pdftexcmds Info: \pdf@primitive is available.
Package pdftexcmds Info: \pdf@ifprimitive is available.
Package pdftexcmds Info: \pdfdraftmode found.
)) (C:\Users\ASUS\AppData\Local\Programs\MiKTeX\tex/latex/hycolor\hycolor.sty
Package: hycolor 2020-01-27 v1.10 Color options for hyperref/bookmark (HO)
) (C:\Program Files\MiKTeX\tex/latex/hyperref\nameref.sty
Package: nameref 2026-01-29 v2.58 Cross-referencing by name of section

(C:\Users\ASUS\AppData\Local\Programs\MiKTeX\tex/latex/refcount\refcount.sty
Package: refcount 2019/12/15 v3.6 Data extraction from label references (HO)
)
(C:\Users\ASUS\AppData\Local\Programs\MiKTeX\tex/generic/gettitlestring\gettitl
estring.sty
Package: gettitlestring 2019/12/15 v1.6 Cleanup title references (HO)
)
\c@section@level=\count372
) (C:\Program Files\MiKTeX\tex/generic/stringenc\stringenc.sty
Package: stringenc 2019/11/29 v1.12 Convert strings between diff. encodings (HO
)
)
\@linkdim=\dimen326
\Hy@linkcounter=\count373
\Hy@pagecounter=\count374

(C:\Program Files\MiKTeX\tex/latex/hyperref\pd1enc.def
File: pd1enc.def 2026-06-17 v7.01r Hyperref: PDFDocEncoding definition (HO)
Now handling font encoding PD1 ...
... no UTF-8 mapping file for font encoding PD1
)
(C:\Users\ASUS\AppData\Local\Programs\MiKTeX\tex/generic/intcalc\intcalc.sty
Package: intcalc 2019/12/15 v1.3 Expandable calculations with integers (HO)
)
\Hy@SavedSpaceFactor=\count375

(C:\Program Files\MiKTeX\tex/latex/hyperref\puenc.def
File: puenc.def 2026-06-17 v7.01r Hyperref: PDF Unicode definition (HO)
Now handling font encoding PU ...
... no UTF-8 mapping file for font encoding PU
)
Package hyperref Info: Hyper figures OFF on input line 4199.
Package hyperref Info: Link nesting OFF on input line 4204.
Package hyperref Info: Hyper index ON on input line 4207.
Package hyperref Info: Plain pages OFF on input line 4214.
Package hyperref Info: Backreferencing OFF on input line 4219.
Package hyperref Info: Implicit mode ON; LaTeX internals redefined.
Package hyperref Info: Bookmarks ON on input line 4466.
\c@Hy@tempcnt=\count376

(C:\Program Files\MiKTeX\tex/latex/url\url.sty
\Urlmuskip=\muskip18
Package: url 2013/09/16  ver 3.4  Verb mode for urls, etc.
)
LaTeX Info: Redefining \url on input line 4805.
\XeTeXLinkMargin=\dimen327

(C:\Users\ASUS\AppData\Local\Programs\MiKTeX\tex/generic/bitset\bitset.sty
Package: bitset 2019/12/09 v1.3 Handle bit-vector datatype (HO)

(C:\Users\ASUS\AppData\Local\Programs\MiKTeX\tex/generic/bigintcalc\bigintcalc.
sty
Package: bigintcalc 2019/12/15 v1.5 Expandable calculations on big integers (HO
)
))
\Fld@menulength=\count377
\Field@Width=\dimen328
\Fld@charsize=\dimen329
Package hyperref Info: Hyper figures OFF on input line 6091.
Package hyperref Info: Link nesting OFF on input line 6096.
Package hyperref Info: Hyper index ON on input line 6099.
Package hyperref Info: backreferencing OFF on input line 6106.
Package hyperref Info: Link coloring OFF on input line 6111.
Package hyperref Info: Link coloring with OCG OFF on input line 6116.
Package hyperref Info: PDF/A mode OFF on input line 6121.
\Hy@abspage=\count378
\c@Item=\count379
\c@Hfootnote=\count380
)
Package hyperref Info: Driver (autodetected): hpdftex.
 (C:\Program Files\MiKTeX\tex/latex/hyperref\hpdftex.def
File: hpdftex.def 2026-06-17 v7.01r Hyperref driver for pdfTeX
\Fld@listcount=\count381
\c@bookmark@seq@number=\count382

(C:\Users\ASUS\AppData\Local\Programs\MiKTeX\tex/latex/rerunfilecheck\rerunfile
check.sty
Package: rerunfilecheck 2025-06-21 v1.11 Rerun checks for auxiliary files (HO)

(C:\Users\ASUS\AppData\Local\Programs\MiKTeX\tex/generic/uniquecounter\uniqueco
unter.sty
Package: uniquecounter 2019/12/15 v1.4 Provide unlimited unique counter (HO)
)
Package uniquecounter Info: New unique counter `rerunfilecheck' on input line 2
84.
)
\Hy@SectionHShift=\skip93
) (C:\Program Files\MiKTeX\tex/latex/hyperref\backref.sty
Package: backref 2025-06-21 v1.45 Bibliographical back referencing
)
(C:\Program Files\MiKTeX\tex/latex/cleveref\cleveref.sty
Package: cleveref 2018/03/27 v0.21.4 Intelligent cross-referencing
Package cleveref Info: `hyperref' support loaded on input line 2370.
LaTeX Info: Redefining \cref on input line 2370.
LaTeX Info: Redefining \Cref on input line 2370.
LaTeX Info: Redefining \crefrange on input line 2370.
LaTeX Info: Redefining \Crefrange on input line 2370.
LaTeX Info: Redefining \cpageref on input line 2370.
LaTeX Info: Redefining \Cpageref on input line 2370.
LaTeX Info: Redefining \cpagerefrange on input line 2370.
LaTeX Info: Redefining \Cpagerefrange on input line 2370.
LaTeX Info: Redefining \labelcref on input line 2370.
LaTeX Info: Redefining \labelcpageref on input line 2370.
Package cleveref Info: `algorithmicx' support loaded on input line 3120.
Package cleveref Info: `listings' support loaded on input line 3131.
Package cleveref Info: include cross-reference names in hyperlinks on input lin
e 7836.
Package cleveref Info: include cross-reference names in hyperlinks on input lin
e 7852.
)
==> First Aid for cleveref.sty applied!
(C:\Users\ASUS\AppData\Local\Programs\MiKTeX\tex/latex/fancyhdr\fancyhdr.sty
Package: fancyhdr 2025/02/07 v5.2 Extensive control of page headers and footers

\f@nch@headwidth=\skip94
\f@nch@offset@elh=\skip95
\f@nch@offset@erh=\skip96
\f@nch@offset@olh=\skip97
\f@nch@offset@orh=\skip98
\f@nch@offset@elf=\skip99
\f@nch@offset@erf=\skip100
\f@nch@offset@olf=\skip101
\f@nch@offset@orf=\skip102
\f@nch@height=\skip103
\f@nch@footalignment=\skip104
\f@nch@widthL=\skip105
\f@nch@widthC=\skip106
\f@nch@widthR=\skip107
\@temptokenb=\toks47
)
(C:\Program Files\MiKTeX\tex/latex/base\makeidx.sty
Package: makeidx 2021/10/04 v1.0m Standard LaTeX package
)
\@indexfile=\write4
\openout4 = `"Template Disertasi-Tesis-Proposal Elektro ITS.idx"'.


Writing index file "Template Disertasi-Tesis-Proposal Elektro ITS".idx
)

LaTeX Warning: Unused global option(s):
    [opneany].

(Template Disertasi-Tesis-Proposal Elektro ITS.aux

LaTeX Warning: Label `tab:evaluation-metrics' multiply defined.


LaTeX Warning: Label `tab:evaluation-metrics@cref' multiply defined.


LaTeX Warning: Label `subsec:ch6-performance' multiply defined.


LaTeX Warning: Label `subsec:ch6-performance@cref' multiply defined.

)
\openout1 = `"Template Disertasi-Tesis-Proposal Elektro ITS.aux"'.

LaTeX Font Info:    Checking defaults for OML/cmm/m/it on input line 132.
LaTeX Font Info:    ... okay on input line 132.
LaTeX Font Info:    Checking defaults for OMS/cmsy/m/n on input line 132.
LaTeX Font Info:    ... okay on input line 132.
LaTeX Font Info:    Checking defaults for OT1/cmr/m/n on input line 132.
LaTeX Font Info:    ... okay on input line 132.
LaTeX Font Info:    Checking defaults for T1/cmr/m/n on input line 132.
LaTeX Font Info:    ... okay on input line 132.
LaTeX Font Info:    Checking defaults for TS1/cmr/m/n on input line 132.
LaTeX Font Info:    ... okay on input line 132.
LaTeX Font Info:    Checking defaults for OMX/cmex/m/n on input line 132.
LaTeX Font Info:    ... okay on input line 132.
LaTeX Font Info:    Checking defaults for U/cmr/m/n on input line 132.
LaTeX Font Info:    ... okay on input line 132.
LaTeX Font Info:    Checking defaults for PD1/pdf/m/n on input line 132.
LaTeX Font Info:    ... okay on input line 132.
LaTeX Font Info:    Checking defaults for PU/pdf/m/n on input line 132.
LaTeX Font Info:    ... okay on input line 132.

*geometry* driver: auto-detecting
*geometry* detected driver: pdftex
*geometry* verbose mode - [ preamble ] result:
* driver: pdftex
* paper: a4paper
* layout: <same size as paper>
* layoutoffset:(h,v)=(0.0pt,0.0pt)
* modes: twoside 
* h-part:(L,W,R)=(113.81102pt, 398.3386pt, 85.35826pt)
* v-part:(T,H,B)=(99.58464pt, 660.10394pt, 85.35826pt)
* \paperwidth=597.50787pt
* \paperheight=845.04684pt
* \textwidth=398.3386pt
* \textheight=660.10394pt
* \oddsidemargin=41.54103pt
* \evensidemargin=13.08827pt
* \topmargin=-9.68535pt
* \headheight=12.0pt
* \headsep=25.0pt
* \topskip=12.0pt
* \footskip=30.0pt
* \marginparwidth=85.0pt
* \marginparsep=10.0pt
* \columnsep=10.0pt
* \skip\footins=10.8pt plus 4.0pt minus 2.0pt
* \hoffset=0.0pt
* \voffset=0.0pt
* \mag=1000
* \@twocolumnfalse
* \@twosidetrue
* \@mparswitchtrue
* \@reversemarginfalse
* (1in=72.27pt=25.4mm, 1cm=28.453pt)

(C:\Program Files\MiKTeX\tex/context/base/mkii\supp-pdf.mkii
[Loading MPS to PDF converter (version 2006.09.02).]
\scratchcounter=\count383
\scratchdimen=\dimen330
\scratchbox=\box126
\nofMPsegments=\count384
\nofMParguments=\count385
\everyMPshowfont=\toks48
\MPscratchCnt=\count386
\MPscratchDim=\dimen331
\MPnumerator=\count387
\makeMPintoPDFobject=\count388
\everyMPtoPDFconversion=\toks49
) (C:\Program Files\MiKTeX\tex/latex/epstopdf-pkg\epstopdf-base.sty
Package: epstopdf-base 2020-01-24 v2.11 Base part for package epstopdf
Package epstopdf-base Info: Redefining graphics rule for `.eps' on input line 4
85.

(C:\Program Files\MiKTeX\tex/latex/00miktex\epstopdf-sys.cfg
File: epstopdf-sys.cfg 2021/03/18 v2.0 Configuration of epstopdf for MiKTeX
))
Package caption Info: Begin \AtBeginDocument code.
Package caption Info: changepage package is loaded.
\caption@adjustwidth@hsize=\dimen332
\caption@adjustwidth@linewidth=\dimen333
Package caption Info: hyperref package is loaded.
Package caption Info: listings package is loaded.
Package caption Info: longtable package is loaded.

(C:\Users\ASUS\AppData\Local\Programs\MiKTeX\tex/latex/caption\ltcaption.sty
Package: ltcaption 2021/01/08 v1.4c longtable captions (AR)
)
Package caption Info: rotating package is loaded.
Package caption Info: wrapfig package is loaded.
Package caption Info: End \AtBeginDocument code.
\c@lstlisting=\count389
Package hyperref Info: Link coloring OFF on input line 132.

(Template Disertasi-Tesis-Proposal Elektro ITS.out)
(Template Disertasi-Tesis-Proposal Elektro ITS.out)
\@outlinefile=\write5
\openout5 = `"Template Disertasi-Tesis-Proposal Elektro ITS.out"'.

Package backref Info: ** backref set up for natbib ** on input line 132.
Package babel Info: Main language set to 'american'.
 (lib/Tataletak.tex
(lib/cover.tex
LaTeX Font Info:    Trying to load font information for OT1+phv on input line 1
.

(C:\Users\ASUS\AppData\Local\Programs\MiKTeX\tex/latex/psnfss\ot1phv.fd
File: ot1phv.fd 2020/03/25 scalable font definitions for OT1/phv.
)
<lib/LogoITS.png, id=465, 99.5355pt x 99.5355pt>
File: lib/LogoITS.png Graphic file (type png)
<use lib/LogoITS.png>
Package pdftex.def Info: lib/LogoITS.png  used on input line 6.
(pdftex.def)             Requested size: 99.53525pt x 99.53525pt.
<lib/BeltFte.png, id=467, 2830.575pt x 60.225pt>
File: lib/BeltFte.png Graphic file (type png)
<use lib/BeltFte.png>
Package pdftex.def Info: lib/BeltFte.png  used on input line 12.
(pdftex.def)             Requested size: 597.50787pt x 12.71286pt.

Overfull \hbox (17.62482pt too wide) in paragraph at lines 12--14
[][]
 []


Underfull \hbox (badness 10000) in paragraph at lines 37--43

 []

[1

{C:/Users/ASUS/AppData/Local/MiKTeX/fonts/map/pdftex/pdftex.map} <./lib/LogoITS
.png> <./lib/BeltFte.png (PNG copy)>]) [2

] (lib/pengesahan.tex
Underfull \hbox (badness 10000) in paragraph at lines 104--104

 []

<./lib/background.png, id=482, 1706.375pt x 2208.25pt>
File: ./lib/background.png Graphic file (type png)
<use ./lib/background.png>
Package pdftex.def Info: ./lib/background.png  used on input line 104.
(pdftex.def)             Requested size: 652.98575pt x 845.04684pt.

Overfull \hbox (55.47787pt too wide) has occurred while \output is active
 [][] 
 []

[3 <./lib/background.png>]) [4

]
Overfull \hbox (17.62482pt too wide) in paragraph at lines 145--145
[][] 
 []


Overfull \hbox (28.45274pt too wide) in paragraph at lines 145--145
 []
 []

[5

]
Overfull \hbox (1.95181pt too wide) in paragraph at lines 145--145
 []|\OT1/cmr/m/n/10.95 NIP. 195809161986011001| 
 []


Overfull \hbox (1.95181pt too wide) in paragraph at lines 145--145
 []|\OT1/cmr/m/n/10.95 NIP. 196907301995121001| 
 []


Overfull \hbox (1.95181pt too wide) in paragraph at lines 145--145
 []|\OT1/cmr/m/n/10.95 NIP. 196806011995121009| 
 []

[6] (ubah/pengantar.tex Excluding 'comment' comment. [7

]) [8] (ubah/abstrak.tex (lib/identitasabstrak.tex) [9

]) [10] (ubah/abstrakEng.tex
(lib/identitasabstrakEng.tex
Overfull \hbox (128.75157pt too wide) in paragraph at lines 6--14
[][] 
 []

)) [11

] [12

] (Template Disertasi-Tesis-Proposal Elektro ITS.toc [13

]
Underfull \hbox (badness 10000) in paragraph at lines 38--38
 [][] [][]\OT1/cmr/m/n/12 Myocardial Pathol-ogy Seg-men-ta-tion (My-oPS2020) 
 []

[14] [15])
\tf@toc=\write6
\openout6 = `"Template Disertasi-Tesis-Proposal Elektro ITS.toc"'.

 [16] (Template Disertasi-Tesis-Proposal Elektro ITS.lof
Underfull \hbox (badness 1629) in paragraph at lines 10--10
 [][] [][]\OT1/cmr/m/n/12 Representative LGE-CMR im-age show-ing my-ocar-dial s
car 
 []

[17


])
\tf@lof=\write7
\openout7 = `"Template Disertasi-Tesis-Proposal Elektro ITS.lof"'.

 [18] (Template Disertasi-Tesis-Proposal Elektro ITS.lot)
\tf@lot=\write8
\openout8 = `"Template Disertasi-Tesis-Proposal Elektro ITS.lot"'.

 [19


] [20

]
(ubah/nomenklatur.tex [21]) [22

]) (bab1/bab1.tex
Chapter 1.
[1

] [2]
<bab1/ch1-fishbone.png, id=971, 688.07062pt x 515.67656pt>
File: bab1/ch1-fishbone.png Graphic file (type png)
<use bab1/ch1-fishbone.png>
Package pdftex.def Info: bab1/ch1-fishbone.png  used on input line 104.
(pdftex.def)             Requested size: 342.57143pt x 256.73604pt.
 [3]
Underfull \vbox (badness 2790) has occurred while \output is active []

 [4]
[5 <./bab1/ch1-fishbone.png>] [6] [7] [8] [9]) [10] (bab2/bab2.tex
Chapter 2.
<bab2/ch2-heart-anatomy.png, id=1034, 742.4538pt x 493.3632pt>
File: bab2/ch2-heart-anatomy.png Graphic file (type png)
<use bab2/ch2-heart-anatomy.png>
Package pdftex.def Info: bab2/ch2-heart-anatomy.png  used on input line 13.
(pdftex.def)             Requested size: 342.57143pt x 227.64241pt.
<bab2/ch2-mi-development.png, id=1040, 927.56973pt x 401.56982pt>
File: bab2/ch2-mi-development.png Graphic file (type png)
<use bab2/ch2-mi-development.png>
Package pdftex.def Info: bab2/ch2-mi-development.png  used on input line 22.
(pdftex.def)             Requested size: 342.57143pt x 148.3089pt.
<bab2/ch2-healthy-infarcted.png, id=1046, 751.30687pt x 344.78813pt>
File: bab2/ch2-healthy-infarcted.png Graphic file (type png)
<use bab2/ch2-healthy-infarcted.png>
Package pdftex.def Info: bab2/ch2-healthy-infarcted.png  used on input line 31.

(pdftex.def)             Requested size: 342.57143pt x 157.21555pt.
[11


] [12 <./bab2/ch2-heart-anatomy.png> <./bab2/ch2-mi-development.png> <./bab2/ch
2-healthy-infarcted.png>]
<bab2/ch2-cmr-sequences.png, id=1072, 885.855pt x 287.547pt>
File: bab2/ch2-cmr-sequences.png Graphic file (type png)
<use bab2/ch2-cmr-sequences.png>
Package pdftex.def Info: bab2/ch2-cmr-sequences.png  used on input line 49.
(pdftex.def)             Requested size: 342.57143pt x 111.19514pt.

Underfull \vbox (badness 1412) has occurred while \output is active []

 [13]
Underfull \hbox (badness 10000) in paragraph at lines 63--63
|[]\OT1/cmr/bx/n/14.4 Multi-Sequence Car-diac Mag-netic Res-o-nance
 []


Underfull \vbox (badness 10000) has occurred while \output is active []

 [14 <./bab2/ch2-cmr-sequences.png>] [15]
<bab2/ch2-lge-scar.png, id=1109, 416.30531pt x 440.39531pt>
File: bab2/ch2-lge-scar.png Graphic file (type png)
<use bab2/ch2-lge-scar.png>
Package pdftex.def Info: bab2/ch2-lge-scar.png  used on input line 90.
(pdftex.def)             Requested size: 342.57143pt x 362.40999pt.
 [16] [17 <./bab2/ch2-lge-scar.png>] [18]
[19]
Underfull \vbox (badness 8151) has occurred while \output is active []

 [20]
Excluding 'comment' comment.
Underfull \vbox (badness 1412) has occurred while \output is active []

 [21]
[22] [23]
<bab2/ch2-activation-comparison.png, id=1221, 350.15324pt x 249.3824pt>
File: bab2/ch2-activation-comparison.png Graphic file (type png)
<use bab2/ch2-activation-comparison.png>
Package pdftex.def Info: bab2/ch2-activation-comparison.png  used on input line
 189.
(pdftex.def)             Requested size: 246.96797pt x 175.89833pt.
 [24 <./bab2/ch2-activation-comparison.png>] [25]
Excluding 'comment' comment.
Underfull \vbox (badness 1412) has occurred while \output is active []

 [26]
Overfull \hbox (16.13216pt too wide) in paragraph at lines 269--282
 [][] 
 []

[27] [28]
Underfull \vbox (badness 10000) has occurred while \output is active []

 [29]
[30]
Underfull \vbox (badness 1412) has occurred while \output is active []

 [31]
[32]
Overfull \hbox (21.59018pt too wide) in paragraph at lines 376--421
 [][] 
 []

[33]) [34


] (bab3/bab3.tex
Chapter 3.

LaTeX Warning: Reference `fig:ch3-research-stages' on page 35 undefined on inpu
t line 7.

[35


]
<bab3/ch3-research-stages.png, id=1398, 841.64438pt x 288.3272pt>
File: bab3/ch3-research-stages.png Graphic file (type png)
<use bab3/ch3-research-stages.png>
Package pdftex.def Info: bab3/ch3-research-stages.png  used on input line 19.
(pdftex.def)             Requested size: 342.57143pt x 117.357pt.
 [36 <./bab3/ch3-research-stages.png>]
<bab3/ch3-acdc-examples_a.png, id=1408, 916.88635pt x 434.87688pt>
File: bab3/ch3-acdc-examples_a.png Graphic file (type png)
<use bab3/ch3-acdc-examples_a.png>
Package pdftex.def Info: bab3/ch3-acdc-examples_a.png  used on input line 42.
(pdftex.def)             Requested size: 338.59023pt x 160.59004pt.
<bab3/ch3-acdc-examples_b.png, id=1409, 921.91383pt x 431.7347pt>
File: bab3/ch3-acdc-examples_b.png Graphic file (type png)
<use bab3/ch3-acdc-examples_b.png>
Package pdftex.def Info: bab3/ch3-acdc-examples_b.png  used on input line 51.
(pdftex.def)             Requested size: 338.59023pt x 158.56012pt.
 [37] [38 <./bab3/ch3-acdc-examples_a.png> <./bab3/ch3-acdc-examples_b.png>]
<bab3/ch3-myops-examples.png, id=1430, 672.549pt x 378.87pt>
File: bab3/ch3-myops-examples.png Graphic file (type png)
<use bab3/ch3-myops-examples.png>
Package pdftex.def Info: bab3/ch3-myops-examples.png  used on input line 90.
(pdftex.def)             Requested size: 342.57143pt x 192.98412pt.
 [39 <./bab3/ch3-myops-examples.png>]
<bab3/ch3-dataset-preparation.png, id=1444, 702.37407pt x 151.3153pt>
File: bab3/ch3-dataset-preparation.png Graphic file (type png)
<use bab3/ch3-dataset-preparation.png>
Package pdftex.def Info: bab3/ch3-dataset-preparation.png  used on input line 1
24.
(pdftex.def)             Requested size: 342.57143pt x 73.80342pt.

[40 <./bab3/ch3-dataset-preparation.png (PNG copy)>]
<bab3/ch3-cardiac-framework.png, id=1451, 737.75626pt x 179.92218pt>
File: bab3/ch3-cardiac-framework.png Graphic file (type png)
<use bab3/ch3-cardiac-framework.png>
Package pdftex.def Info: bab3/ch3-cardiac-framework.png  used on input line 140
.
(pdftex.def)             Requested size: 342.57143pt x 83.54489pt.
 [41 <./bab3/ch3-cardiac-framework.png (PNG copy)>] [42]
Underfull \vbox (badness 1412) has occurred while \output is active []

 [43]
[44]
<bab3/ch3-prepared-myocardium.png, id=1495, 623.32875pt x 130.98938pt>
File: bab3/ch3-prepared-myocardium.png Graphic file (type png)
<use bab3/ch3-prepared-myocardium.png>
Package pdftex.def Info: bab3/ch3-prepared-myocardium.png  used on input line 2
05.
(pdftex.def)             Requested size: 342.57143pt x 71.9904pt.
<bab3/ch3-scar-framework.png, id=1498, 731.73375pt x 116.68594pt>
File: bab3/ch3-scar-framework.png Graphic file (type png)
<use bab3/ch3-scar-framework.png>
Package pdftex.def Info: bab3/ch3-scar-framework.png  used on input line 219.
(pdftex.def)             Requested size: 342.57143pt x 54.62872pt.
 [45 <./bab3/ch3-prepared-myocardium.png (PNG copy)> <./bab3/ch3-scar-framework
.png (PNG copy)>]
<bab3/ch3-multi-sequence-preparation.png, id=1509, 572.1375pt x 112.92188pt>
File: bab3/ch3-multi-sequence-preparation.png Graphic file (type png)
<use bab3/ch3-multi-sequence-preparation.png>
Package pdftex.def Info: bab3/ch3-multi-sequence-preparation.png  used on input
 line 237.
(pdftex.def)             Requested size: 342.57143pt x 67.61406pt.
 [46 <./bab3/ch3-multi-sequence-preparation.png (PNG copy)>] [47] [48] [49]) [5
0] [51] (bab4/bab4.tex
Chapter 4.
[52


]
Underfull \vbox (badness 8151) has occurred while \output is active []

 [53]
Underfull \vbox (badness 10000) has occurred while \output is active []

 [54]
[55] [56]
Underfull \vbox (badness 1412) has occurred while \output is active []

 [57]
Underfull \vbox (badness 1412) has occurred while \output is active []

 [58]
Underfull \vbox (badness 1412) has occurred while \output is active []

 [59]
<bab4/ch4-fuzzy-integration.png, id=1636, 685.8122pt x 1001.99344pt>
File: bab4/ch4-fuzzy-integration.png Graphic file (type png)
<use bab4/ch4-fuzzy-integration.png>
Package pdftex.def Info: bab4/ch4-fuzzy-integration.png  used on input line 91.

(pdftex.def)             Requested size: 342.57143pt x 500.52153pt.

Underfull \vbox (badness 8151) has occurred while \output is active []

 [60]
[61 <./bab4/ch4-fuzzy-integration.png>]
<bab4/ch4-pooling-comparison.png, id=1653, 1204.5pt x 1204.5pt>
File: bab4/ch4-pooling-comparison.png Graphic file (type png)
<use bab4/ch4-pooling-comparison.png>
Package pdftex.def Info: bab4/ch4-pooling-comparison.png  used on input line 10
2.
(pdftex.def)             Requested size: 342.57143pt x 342.56927pt.
 [62 <./bab4/ch4-pooling-comparison.png>] [63] [64] [65] [66] [67] [68] [69]
<bab4/ch4-loss-curves.png, id=1704, 388.51189pt x 319.63712pt>
File: bab4/ch4-loss-curves.png Graphic file (type png)
<use bab4/ch4-loss-curves.png>
Package pdftex.def Info: bab4/ch4-loss-curves.png  used on input line 249.
(pdftex.def)             Requested size: 342.57143pt x 281.84727pt.
 [70 <./bab4/ch4-loss-curves.png>] [71]
Underfull \vbox (badness 1412) has occurred while \output is active []

 [72]
Underfull \vbox (badness 5050) has occurred while \output is active []

 [73]
<bab4/ch4-qualitative.png, id=1737, 326.78609pt x 397.79922pt>
File: bab4/ch4-qualitative.png Graphic file (type png)
<use bab4/ch4-qualitative.png>
Package pdftex.def Info: bab4/ch4-qualitative.png  used on input line 330.
(pdftex.def)             Requested size: 342.57143pt x 417.01561pt.

[74] [75 <./bab4/ch4-qualitative.png>]
Underfull \vbox (badness 10000) has occurred while \output is active []

 [76])
[77] (bab5/bab5.tex
Chapter 5.

Underfull \vbox (badness 4634) has occurred while \output is active []

 [78


]
Underfull \vbox (badness 10000) has occurred while \output is active []

 [79]
Underfull \vbox (badness 10000) has occurred while \output is active []

 [80]
[81]
Underfull \vbox (badness 10000) has occurred while \output is active []

 [82]
<bab5/ch5-framework.png, id=1843, 2753.78813pt x 1186.4325pt>
File: bab5/ch5-framework.png Graphic file (type png)
<use bab5/ch5-framework.png>
Package pdftex.def Info: bab5/ch5-framework.png  used on input line 39.
(pdftex.def)             Requested size: 342.57143pt x 147.57956pt.

[83 <./bab5/ch5-framework.png>]
<bab5/ch5-architecture.png, id=1856, 654.94687pt x 1003.49907pt>
File: bab5/ch5-architecture.png Graphic file (type png)
<use bab5/ch5-architecture.png>
Package pdftex.def Info: bab5/ch5-architecture.png  used on input line 57.
(pdftex.def)             Requested size: 342.57143pt x 524.88495pt.

Underfull \vbox (badness 2762) has occurred while \output is active []

 [84]
[85 <./bab5/ch5-architecture.png>] [86]
Underfull \vbox (badness 2762) has occurred while \output is active []

 [87]
Underfull \vbox (badness 1824) has occurred while \output is active []

 [88]
[89]

LaTeX Warning: Reference `tab:ch5-dataset-distribution' on page 90 undefined on
 input line 140.


LaTeX Warning: Reference `tab:ch5-experiment-environment' on page 90 undefined 
on input line 166.


LaTeX Warning: Reference `tab:ch5-experiment-environment' on page 90 undefined 
on input line 188.

[90] [91] [92]
<bab5/ch5-training-performance.png, id=1950, 1411.52344pt x 605.26125pt>
File: bab5/ch5-training-performance.png Graphic file (type png)
<use bab5/ch5-training-performance.png>
Package pdftex.def Info: bab5/ch5-training-performance.png  used on input line 
268.
(pdftex.def)             Requested size: 398.3386pt x 170.8019pt.

Underfull \vbox (badness 2762) has occurred while \output is active []

 [93]
Underfull \vbox (badness 6396) has occurred while \output is active []

 [94 <./bab5/ch5-training-performance.png>]
Underfull \vbox (badness 10000) has occurred while \output is active []

 [95]
Overfull \hbox (19.81573pt too wide) in paragraph at lines 327--348
 [][] 
 []


Underfull \vbox (badness 1783) has occurred while \output is active []

 [96]
[97] [98] Excluding 'comment' comment.
<bab5/ch5-visual-seg-analysis.png, id=2009, 1370.87157pt x 706.89093pt>
File: bab5/ch5-visual-seg-analysis.png Graphic file (type png)
<use bab5/ch5-visual-seg-analysis.png>
Package pdftex.def Info: bab5/ch5-visual-seg-analysis.png  used on input line 4
03.
(pdftex.def)             Requested size: 660.10394pt x 340.3932pt.

Underfull \vbox (badness 1412) has occurred while \output is active []

 [99]
[100 <./bab5/ch5-visual-seg-analysis.png>]
Underfull \vbox (badness 8151) has occurred while \output is active []

 [101]
[102]
Underfull \vbox (badness 4217) has occurred while \output is active []

 [103]
[104]
Underfull \vbox (badness 2762) has occurred while \output is active []

 [105])
[106] (bab6/bab6.tex
Chapter 6.
[107


]
Underfull \vbox (badness 8151) has occurred while \output is active []

 [108]
[109]
<bab6/ch6-workflow.jpg, id=2104, 512.88387pt x 157.75064pt>
File: bab6/ch6-workflow.jpg Graphic file (type jpg)
<use bab6/ch6-workflow.jpg>
Package pdftex.def Info: bab6/ch6-workflow.jpg  used on input line 45.
(pdftex.def)             Requested size: 398.3386pt x 122.52025pt.
 [110 <./bab6/ch6-workflow.jpg>]
<bab6/ch6-architecture.png, id=2125, 828.84656pt x 627.09282pt>
File: bab6/ch6-architecture.png Graphic file (type png)
<use bab6/ch6-architecture.png>
Package pdftex.def Info: bab6/ch6-architecture.png  used on input line 68.
(pdftex.def)             Requested size: 398.3386pt x 301.37431pt.
 [111 <./bab6/ch6-architecture.png>]
Underfull \vbox (badness 4168) has occurred while \output is active []

 [112]
Underfull \vbox (badness 1412) has occurred while \output is active []

 [113]
[114]
Package hyperref Info: bookmark level for unknown algorithm defaults to 0 on in
put line 138.

Underfull \vbox (badness 1472) has occurred while \output is active []

 [115]
Excluding 'comment' comment.
Underfull \vbox (badness 10000) has occurred while \output is active []

 [116]
[117]
<bab6/ch6-training.png, id=2212, 1349.04pt x 432.11438pt>
File: bab6/ch6-training.png Graphic file (type png)
<use bab6/ch6-training.png>
Package pdftex.def Info: bab6/ch6-training.png  used on input line 230.
(pdftex.def)             Requested size: 398.3386pt x 127.59131pt.
 Excluding 'comment' comment. [118 <./bab6/ch6-training.png>]

LaTeX Warning: Reference `tab:ch6-segmentation' on page 119 undefined on input 
line 254.


Overfull \hbox (5.48338pt too wide) in paragraph at lines 295--295
 []|$[]$| 
 []


Overfull \hbox (5.48338pt too wide) in paragraph at lines 295--295
 []|$[]$| 
 []


Overfull \hbox (5.48338pt too wide) in paragraph at lines 295--295
 []|$[]$| 
 []


Overfull \hbox (5.48338pt too wide) in paragraph at lines 295--295
 []|$[]$| 
 []


Overfull \hbox (5.48338pt too wide) in paragraph at lines 295--295
 []|$[]$| 
 []

Excluding 'comment' comment. [119]
<bab6/ch6-segmentation.png, id=2238, 615.80063pt x 237.13594pt>
File: bab6/ch6-segmentation.png Graphic file (type png)
<use bab6/ch6-segmentation.png>
Package pdftex.def Info: bab6/ch6-segmentation.png  used on input line 313.
(pdftex.def)             Requested size: 398.3386pt x 153.39836pt.

Underfull \vbox (badness 10000) has occurred while \output is active []

 [120]
[121 <./bab6/ch6-segmentation.png>] Excluding 'comment' comment.
<bab6/ch6-area.png, id=2265, 574.39594pt x 813.0375pt>
File: bab6/ch6-area.png Graphic file (type png)
<use bab6/ch6-area.png>
Package pdftex.def Info: bab6/ch6-area.png  used on input line 401.
(pdftex.def)             Requested size: 398.3386pt x 563.84985pt.
 [122] [123 <./bab6/ch6-area.png>] [124] Excluding 'comment' comment.
<bab6/ch6-bland-altman.png, id=2290, 2955.54187pt x 1455.93938pt>
File: bab6/ch6-bland-altman.png Graphic file (type png)
<use bab6/ch6-bland-altman.png>
Package pdftex.def Info: bab6/ch6-bland-altman.png  used on input line 450.
(pdftex.def)             Requested size: 398.3386pt x 196.2101pt.
 [125] [126 <./bab6/ch6-bland-altman.png>] Excluding 'comment' comment. [127]
Underfull \vbox (badness 2762) has occurred while \output is active []

 [128])
Underfull \vbox (badness 1412) has occurred while \output is active []

 [129]
[130] (bab7/bab7.tex
Chapter 7.

Underfull \hbox (badness 1087) in paragraph at lines 17--18
[]\OT1/cmr/m/n/12 The third con-tri-bu-tion of this re-search is the de-vel-op-
ment of the
 []


Underfull \vbox (badness 10000) has occurred while \output is active []

 [131


]
Underfull \vbox (badness 8170) has occurred while \output is active []

 [132])
[133] (lib/formatbibliography.tex
(Template Disertasi-Tesis-Proposal Elektro ITS.bbl
(Template Disertasi-Tesis-Proposal Elektro ITS.brf)
\tf@brf=\write9
\openout9 = `"Template Disertasi-Tesis-Proposal Elektro ITS.brf"'.


Underfull \hbox (badness 10000) in paragraph at lines 15--15
[]\OT1/cmr/m/n/12 Aishwarya Agrawal, Sahil Agrawal, Mo-ham-mad Dan-ish Kharadi,

 []

[134


] [135] [136] [137]
Underfull \hbox (badness 2351) in paragraph at lines 386--386
\OT1/cmr/m/n/12 2021.  URL []$\OT1/cmtt/m/n/12 https : / / www . who . int / ne
ws-[]room / fact-[]sheets / detail /
 []

[138]) [139] [140

]) (lib/formatCV.tex (ubah/DaftarRiwayatHidup.tex
<./ubah/Dini.jpg, id=2373, 79.7379pt x 108.1641pt>
File: ./ubah/Dini.jpg Graphic file (type jpg)
<use ./ubah/Dini.jpg>
Package pdftex.def Info: ./ubah/Dini.jpg  used on input line 5.
(pdftex.def)             Requested size: 97.32997pt x 132.01877pt.

Overfull \hbox (5.1206pt too wide) in paragraph at lines 9--27
[][] 
 []


Overfull \hbox (5.1206pt too wide) in paragraph at lines 29--48
[][] 
 []

[141

 <./ubah/Dini.jpg>]) [142])
(Template Disertasi-Tesis-Proposal Elektro ITS.aux)
 ***********
LaTeX2e <2026-06-01>
L3 programming layer <2026-06-18>
 ***********


LaTeX Warning: There were undefined references.


LaTeX Warning: There were multiply-defined labels.

Package rerunfilecheck Info: File `"Template Disertasi-Tesis-Proposal Elektro I
TS".out' has not changed.
(rerunfilecheck)             Checksum: 0CC8FF54E9D485A579ED2C45321767E6;23828.

Package rerunfilecheck Warning: File `"Template Disertasi-Tesis-Proposal Elektr
o ITS".brf' has changed.
(rerunfilecheck)                Rerun to get bibliographical references right.

Package rerunfilecheck Info: Checksums for `"Template Disertasi-Tesis-Proposal 
Elektro ITS".brf':
(rerunfilecheck)             Before: 0B71111D5A037B25494236820C0E89E8;13977
(rerunfilecheck)             After:  B6E298DE19E427C0E20E2092B18718C8;13977.
 ) 
Here is how much of TeX's memory you used:
 24471 strings out of 467510
 421351 string characters out of 5418906
 947852 words of memory out of 5000000
 52754 multiletter control sequences out of 15000+600000
 644165 words of font info for 99 fonts, out of 8000000 for 9000
 1147 hyphenation exceptions out of 8191
 78i,16n,86p,1318b,1334s stack positions out of 10000i,1000n,20000p,200000b,200000s
 <C:\Users\ASUS\AppData\Local\MiKTeX\fonts/pk/ljfour/jknappen/ec/dpi600\tcrm1
200.pk><C:/Program Files/MiKTeX/fonts/type1/public/amsfonts/cm/cmbx10.pfb><C:/P
rogram Files/MiKTeX/fonts/type1/public/amsfonts/cm/cmbx12.pfb><C:/Program Files
/MiKTeX/fonts/type1/public/amsfonts/cm/cmex10.pfb><C:/Program Files/MiKTeX/font
s/type1/public/amsfonts/cm/cmmi10.pfb><C:/Program Files/MiKTeX/fonts/type1/publ
ic/amsfonts/cm/cmmi12.pfb><C:/Program Files/MiKTeX/fonts/type1/public/amsfonts/
cm/cmmi8.pfb><C:/Program Files/MiKTeX/fonts/type1/public/amsfonts/cm/cmr10.pfb>
<C:/Program Files/MiKTeX/fonts/type1/public/amsfonts/cm/cmr12.pfb><C:/Program F
iles/MiKTeX/fonts/type1/public/amsfonts/cm/cmr6.pfb><C:/Program Files/MiKTeX/fo
nts/type1/public/amsfonts/cm/cmr8.pfb><C:/Program Files/MiKTeX/fonts/type1/publ
ic/amsfonts/cm/cmss12.pfb><C:/Program Files/MiKTeX/fonts/type1/public/amsfonts/
cm/cmssbx10.pfb><C:/Program Files/MiKTeX/fonts/type1/public/amsfonts/cm/cmsy10.
pfb><C:/Program Files/MiKTeX/fonts/type1/public/amsfonts/cm/cmsy7.pfb><C:/Progr
am Files/MiKTeX/fonts/type1/public/amsfonts/cm/cmsy8.pfb><C:/Program Files/MiKT
eX/fonts/type1/public/amsfonts/cm/cmti10.pfb><C:/Program Files/MiKTeX/fonts/typ
e1/public/amsfonts/cm/cmti12.pfb><C:/Program Files/MiKTeX/fonts/type1/public/am
sfonts/cm/cmtt12.pfb><C:/Program Files/MiKTeX/fonts/type1/public/amsfonts/symbo
ls/msam10.pfb><C:/Program Files/MiKTeX/fonts/type1/public/amsfonts/symbols/msbm
10.pfb><C:/Program Files/MiKTeX/fonts/type1/urw/zapfding/uzdr.pfb>
Output written on "Template Disertasi-Tesis-Proposal Elektro ITS.pdf" (164 page
s, 15690283 bytes).
PDF statistics:
 2590 PDF objects out of 2984 (max. 8388607)
 476 named destinations out of 1000 (max. 500000)
 1099 words of extra memory for PDF output out of 10000 (max. 10000000)

